Mplus VERSION 9.1
MUTHEN & MUTHEN
08/26/2026   3:51 PM

INPUT INSTRUCTIONS

  TITLE:
    MULTILEVEL SENSITIVITY - ICC DIAGNOSTICS - SCENARIO B
    urban greenery: street-tree presence and tree size.
    TYPE=TWOLEVEL BASIC reports within/between sample statistics and ICCs.

  DATA:
    FILE = ../../data/Scenario_B_long_final.txt;

  VARIABLE:
    NAMES =
    ID MODO_rango online block present AP1 AP2
    AP3 AP4 AP5 AN1 AN2 AN3 AN4
    AN5 S1 S2 S3 S4 S5 V1
    V2 V3 V4 V5 V6 V7 V8
    V9 V10 V11 V12 V13 V14 V15
    V16 V17 V18 V19
    ;
    USEVARIABLES =
    AP1 AP2 AP3 AP4 AP5
    AN1 AN2 AN3 AN4 AN5
    S1 S2 S3 S4 S5;
    CLUSTER = ID;
    MISSING = ALL(-999);

  ANALYSIS:
    TYPE = TWOLEVEL BASIC;
    ESTIMATOR = MLR;

  OUTPUT:
    SAMPSTAT;



*** WARNING
  One or more individual-level variables have no variation within a
  cluster for the following clusters.

     Variable   Cluster IDs with no within-cluster variation

      AP1         139 776 311 727 740 1 79 95 237 240 296 302 567 581 584 640 710 724 856 927
                  958 1005 1019 1053 1069 1089 1098 1100 1112 282 731 879
      AP2         15 53 55 63 87 89 126 141 144 162 169 209 232 252 298 328 570 608 629 671 745
                  776 783 798 804 805 843 849 852 867 869 880 889 909 935 969 996 1006 1007 1018
                  1024 1037 1040 1046 1047 1059 1092 1105 1114 9 17 43 50 51 92 93 94 112 124
                  132 173 251 268 312 330 571 644 647 660 727 766 835 846 853 865 885 890 897
                  907 911 915 924 932 933 942 944 965 981 1013 1021 1027 1028 1038 1050 1057 1058
                  1067 1081 1097 1102 1109 1 240 247 259 302 316 347 581 584 724 856 882 930 958
                  1012 1019 1032 1069 1084 1096 1100 1107 1112 99 1083 807 879 982 1029 1075
      AP3         21 55 169 298 326 542 570 643 721 773 776 805 860 880 889 901 935 937 939 946
                  973 1046 1064 1105 9 16 50 113 122 132 142 228 311 317 323 324 342 585 626 647
                  659 660 676 680 698 742 826 846 862 865 893 899 924 961 1008 1013 1016 1023
                  1026 1081 1102 1111 1113 1 41 79 237 275 302 316 321 581 584 640 710 724 819
                  856 870 912 930 979 1005 1019 1032 1069 1089 1098 1100 1112 99 136 282 720 831
                  1083 103 1029
      AP4         21 55 89 139 210 279 298 328 695 714 843 880 889 937 946 995 996 1037 1046 1064
                  1092 1105 1114 9 93 122 124 132 228 317 342 602 626 644 647 659 660 672 702
                  727 740 809 835 850 862 865 887 893 929 961 988 1008 1013 1023 1026 1038 1045
                  1058 1081 1087 1103 1108 1113 1 79 237 247 296 302 316 321 539 567 584 640 710
                  724 735 856 912 927 930 958 986 1005 1017 1019 1032 1069 1098 1100 1112 282
                  720 831 1062 1083 103 957 1029 1075
      AP5         13 15 21 27 29 55 87 89 135 139 154 158 162 167 178 202 210 218 254 279 293
                  306 315 326 328 349 536 560 570 583 606 619 646 695 704 714 746 748 783 804
                  805 825 828 843 844 867 880 886 889 894 898 901 918 935 937 938 939 945 969
                  975 978 985 996 1006 1007 1010 1035 1037 1040 1046 1059 1061 1079 1090 1092
                  1104 1105 1114 1115 17 49 50 93 94 112 122 132 173 268 312 317 348 541 548 564
                  571 644 647 660 699 707 713 740 742 749 826 835 853 865 884 885 890 893 895
                  897 907 911 919 940 976 977 981 1001 1013 1016 1021 1026 1028 1033 1038 1041
                  1050 1057 1058 1095 1097 1103 1109 1110 1111 1113 1116 1 41 47 79 247 248 259
                  291 302 316 321 539 581 724 856 870 912 927 930 958 968 979 1005 1012 1017 1019
                  1032 1063 1069 1084 1098 1100 1112 99 282 831 1062 1083 731 775 801 807 813
                  957 1029 1075 1080
      AN1         8 27 53 55 63 87 89 118 135 139 152 201 269 278 308 328 579 587 606 619 622
                  629 692 695 704 711 714 738 745 786 805 832 860 867 869 873 888 889 918 925
                  935 938 948 966 996 1024 1031 1046 1064 1085 1092 1104 1105 9 17 49 51 112 244
                  268 295 312 323 564 644 713 742 829 839 842 845 866 897 905 915 919 933 940
                  952 956 977 1001 1027 1028 1038 1039 1045 1058 1073 1081 1087 1097 1110 1116
                  1 79 237 247 302 581 724 824 856 958 986 1032 1063 1069 1084 1089 1100 1112
                  282 831 184 731 801 1029
      AN2         13 21 29 66 87 144 201 232 269 306 341 537 587 608 621 671 711 714 721 745 748
                  843 888 894 1007 1018 1040 1090 1092 1104 1105 1114 9 92 94 124 228 323 348
                  564 647 652 672 698 699 717 740 862 884 899 931 940 1025 1026 1103 1108 1116
                  1 41 247 291 302 316 336 347 539 584 594 710 724 803 810 856 1063 1069 1098
                  1100 1112 99 136 282 720 831 103 731 1078
      AN3         21 27 29 45 66 75 87 97 118 167 178 204 210 232 252 269 278 298 308 326 343
                  536 560 570 587 596 606 608 613 621 643 666 695 714 739 776 786 798 843 844
                  848 860 869 872 880 888 889 894 935 946 948 966 985 995 1009 1018 1037 1046
                  1052 1056 1090 1092 1104 1114 9 94 112 124 244 281 317 323 324 330 348 541 571
                  647 659 660 663 672 698 699 703 727 794 809 846 855 862 865 866 887 890 897
                  910 915 929 940 956 974 976 977 1000 1001 1008 1016 1021 1023 1026 1033 1038
                  1041 1057 1067 1081 1087 1097 1102 1108 1116 1 47 95 237 247 259 302 316 581
                  584 856 912 930 951 986 989 999 1014 1019 1063 1069 1100 1112 136 282 831 1083
                  103 221 731 957 1029
      AN4         21 27 53 55 66 75 87 89 158 178 201 213 232 252 254 269 278 289 298 306 308
                  326 328 343 349 529 536 537 542 552 555 570 572 606 608 613 621 643 666 695
                  704 714 729 739 783 796 798 843 844 864 867 869 872 873 880 888 889 892 903
                  918 935 938 939 946 948 950 955 966 969 983 985 995 996 997 1007 1037 1046 1056
                  1092 1104 1105 1114 9 17 51 94 112 113 124 143 228 244 295 323 330 348 564 585
                  597 644 647 659 662 672 676 702 707 727 740 829 839 850 866 884 890 897 899
                  913 915 919 924 931 932 940 941 942 952 954 977 981 988 1000 1013 1021 1023
                  1026 1027 1038 1039 1041 1045 1050 1057 1058 1067 1081 1087 1097 1116 1 47 95
                  237 247 259 302 316 321 581 584 594 724 735 856 912 930 951 986 1032 1063 1069
                  1100 1107 1112 136 282 831 1083 103 731 801 807 813 879 957 1029 1075
      AN5         21 63 66 87 89 125 139 144 178 190 201 218 252 269 283 289 293 298 306 308 315
                  328 343 349 536 537 542 555 572 595 606 608 613 621 646 666 681 695 714 739
                  745 773 796 843 844 859 867 872 873 880 886 888 889 892 894 902 935 938 939
                  948 955 966 969 985 995 1006 1007 1009 1035 1037 1040 1046 1052 1056 1090 1092
                  1104 1105 1114 9 36 50 92 94 112 113 122 124 228 244 323 330 348 564 602 626
                  644 647 652 659 660 662 676 699 702 727 740 794 829 842 846 850 853 862 865
                  866 890 897 899 910 911 913 915 919 932 933 941 952 956 964 977 981 988 1008
                  1013 1022 1026 1028 1033 1038 1041 1050 1057 1073 1081 1097 1103 1111 1113 1116
                  1 41 47 95 237 247 248 296 302 316 321 347 526 581 584 724 735 856 870 912 930
                  951 958 986 989 1012 1014 1019 1032 1063 1069 1098 1100 1107 1112 99 282 720
                  831 1062 1083 103 184 221 731 807 879 957 1029
      S1          21 66 87 139 144 152 599 843 888 1046 1064 1090 16 120 122 564 644 660 698 702
                  727 740 826 853 952 956 1113 1 95 347 912 958 1019 1032 1069 1100 1083 1029
      S2          21 66 87 139 152 542 599 606 619 714 872 888 926 1046 1064 94 120 122 173 318
                  342 541 598 672 682 698 699 702 727 740 893 897 919 956 977 1000 1013 1021 1050
                  1097 1113 47 79 291 316 567 581 912 927 930 1069 1100 1083 103 221 731 957 1029
      S3          21 66 139 144 152 210 545 596 599 606 621 695 714 745 748 776 796 888 1046 1064
                  1119 16 36 92 120 122 228 564 597 602 644 702 727 740 766 814 897 956 977 1000
                  1021 1050 1057 1108 1113 1 47 79 316 581 640 815 912 930 999 1012 1019 1069
                  1100 99 1083 103 221 731 813 957 1029
      S4          10 27 45 53 55 64 66 87 89 97 118 135 139 141 152 158 204 209 249 252 254 270
                  279 285 289 298 315 326 328 545 552 560 562 583 599 608 609 613 619 620 622
                  629 646 665 681 695 704 705 729 748 796 798 804 805 825 843 849 854 859 877
                  880 886 888 889 898 901 916 918 939 946 955 959 975 983 1037 1046 1048 1071
                  1074 1104 1105 1115 1119 17 34 50 51 92 120 122 128 268 295 324 330 342 348
                  541 571 576 598 614 644 647 659 660 698 702 713 727 740 742 749 766 809 812
                  826 835 836 838 839 845 853 865 866 875 884 890 893 895 897 915 924 952 956
                  977 988 1001 1003 1013 1016 1022 1023 1026 1027 1038 1041 1050 1057 1058 1073
                  1081 1087 1095 1097 1103 1108 1111 1113 1 41 79 216 291 302 316 526 567 581
                  584 724 824 833 856 882 912 930 958 986 999 1005 1012 1017 1019 1063 1069 1084
                  1098 1100 1112 99 136 282 331 1062 1083 1094 103 184 716 731 801 813 879 957
                  1020 1080
      S5          21 63 66 135 139 141 152 252 308 695 745 888 946 969 6 17 120 122 228 564 644
                  652 698 699 702 727 740 1008 1016 1021 1023 1026 1058 1113 1 71 237 247 302
                  581 640 930 986 989 999 1012 1032 1069 1100 136 1083 957 1029

   1 WARNING(S) FOUND IN THE INPUT INSTRUCTIONS




MULTILEVEL SENSITIVITY - ICC DIAGNOSTICS - SCENARIO B
urban greenery: street-tree presence and tree size.
TYPE=TWOLEVEL BASIC reports within/between sample statistics and ICCs.

SUMMARY OF ANALYSIS

Number of groups                                                 1
Number of observations                                        2508

Number of dependent variables                                   15
Number of independent variables                                  0
Number of continuous latent variables                            0

Observed dependent variables

  Continuous
   AP1         AP2         AP3         AP4         AP5         AN1
   AN2         AN3         AN4         AN5         S1          S2
   S3          S4          S5

Variables with special functions

  Cluster variable      ID

Estimator                                                      MLR
Information matrix                                        OBSERVED
Maximum number of iterations                                   100
Convergence criterion                                    0.100D-05
Maximum number of EM iterations                                500
Convergence criteria for the EM algorithm
  Loglikelihood change                                   0.100D-02
  Relative loglikelihood change                          0.100D-05
  Derivative                                             0.100D-03
Minimum variance                                         0.100D-03
Maximum number of steepest descent iterations                   20
Maximum number of iterations for H1                           2000
Convergence criterion for H1                             0.100D-03
Optimization algorithm                                         EMA

Input data file(s)
  ../../data/Scenario_B_long_final.txt
Input data format  FREE


SUMMARY OF DATA

     Number of missing data patterns             1
     Number of clusters                        627

       Size (s)    Cluster ID with Size s

          4        2 8 10 11 13 15 21 27 28 29 38 45 53 55 63 64 66 75
                   87 89 97 102 114 118 125 126 135 139 140 141 144 147
                   150 151 152 154 156 158 162 164 167 169 170 178 187
                   188 190 192 197 200 201 202 204 209 210 213 214 218
                   220 229 232 233 239 241 245 249 252 254 269 270 277
                   278 279 283 284 285 288 289 293 298 300 306 307 308
                   309 315 322 326 328 333 339 341 343 349 528 529 536
                   537 538 542 543 544 545 552 554 555 560 561 562 563
                   570 572 573 579 582 583 587 595 596 599 600 601 603
                   606 608 609 613 619 620 621 622 629 643 646 648 664
                   665 666 671 681 687 692 695 697 704 705 711 714 721
                   725 729 733 738 739 745 746 748 750 760 763 773 776
                   783 786 796 797 798 802 804 805 817 818 820 822 825
                   828 830 832 837 840 841 843 844 847 848 849 851 852
                   854 857 858 859 860 863 864 867 869 871 872 873 874
                   876 877 880 883 886 888 889 891 892 894 896 898 901
                   902 903 904 908 909 914 916 917 918 920 922 925 926
                   928 934 935 936 937 938 939 945 946 947 948 949 950
                   953 955 959 962 963 966 967 969 970 971 972 973 975
                   978 980 983 985 987 990 992 993 995 996 997 1002 1006
                   1007 1009 1010 1011 1018 1024 1030 1031 1035 1037 1040
                   1042 1043 1044 1046 1047 1048 1049 1051 1052 1056 1059
                   1061 1064 1068 1071 1072 1074 1076 1077 1079 1082 1085
                   1090 1091 1092 1099 1104 1105 1114 1115 1117 1118 1119
                   6 9 16 17 22 34 36 43 49 50 51 58 78 85 92 93 94 112
                   113 120 122 124 128 132 142 143 173 195 228 244 251
                   265 268 276 281 295 311 312 317 318 320 323 324 330
                   342 348 541 548 564 571 574 576 585 597 598 602 614
                   626 644 647 652 653 659 660 662 663 672 676 680 682
                   686 698 699 702 703 707 713 717 727 740 742 749 766
                   768 784 794 806 808 809 811 812 814 821 823 826 827
                   829 835 836 838 839 842 845 846 850 853 855 862 865
                   866 868 875 878 881 884 885 887 890 893 895 897 899
                   905 906 907 910 911 913 915 919 921 923 924 929 931
                   932 933 940 941 942 943 944 952 954 956 960 961 964
                   965 974 976 977 981 984 988 991 994 998 1000 1001 1003
                   1004 1008 1013 1015 1016 1021 1022 1023 1025 1026 1027
                   1028 1033 1034 1036 1038 1039 1041 1045 1050 1055 1057
                   1058 1060 1065 1067 1073 1081 1086 1087 1088 1093 1095
                   1097 1101 1102 1103 1106 1108 1109 1110 1111 1113 1116
                   1 41 47 62 71 79 95 216 237 240 247 248 259 275 291
                   296 302 316 321 336 347 526 539 567 581 584 593 594
                   640 678 708 710 724 735 751 771 803 810 815 816 819
                   824 833 834 856 861 870 882 912 927 930 951 958 968
                   979 986 989 999 1005 1012 1014 1017 1019 1032 1053 1054
                   1063 1069 1084 1089 1096 1098 1100 1107 1112 99 136
                   155 198 282 313 331 569 683 720 831 900 1062 1083 1094
                   103 184 221 261 294 649 716 731 775 801 807 813 879
                   957 982 1020 1029 1066 1070 1075 1078 1080



SUMMARY OF MISSING DATA PATTERNS


     MISSING DATA PATTERNS (x = not missing)

           1
 AP1       x
 AP2       x
 AP3       x
 AP4       x
 AP5       x
 AN1       x
 AN2       x
 AN3       x
 AN4       x
 AN5       x
 S1        x
 S2        x
 S3        x
 S4        x
 S5        x


     MISSING DATA PATTERN FREQUENCIES

    Pattern   Frequency
          1        2508


COVARIANCE COVERAGE OF DATA

Minimum covariance coverage value   0.100


     PROPORTION OF DATA PRESENT


           Covariance Coverage
              AP1           AP2           AP3           AP4           AP5
              ________      ________      ________      ________      ________
 AP1            1.000
 AP2            1.000         1.000
 AP3            1.000         1.000         1.000
 AP4            1.000         1.000         1.000         1.000
 AP5            1.000         1.000         1.000         1.000         1.000
 AN1            1.000         1.000         1.000         1.000         1.000
 AN2            1.000         1.000         1.000         1.000         1.000
 AN3            1.000         1.000         1.000         1.000         1.000
 AN4            1.000         1.000         1.000         1.000         1.000
 AN5            1.000         1.000         1.000         1.000         1.000
 S1             1.000         1.000         1.000         1.000         1.000
 S2             1.000         1.000         1.000         1.000         1.000
 S3             1.000         1.000         1.000         1.000         1.000
 S4             1.000         1.000         1.000         1.000         1.000
 S5             1.000         1.000         1.000         1.000         1.000


           Covariance Coverage
              AN1           AN2           AN3           AN4           AN5
              ________      ________      ________      ________      ________
 AN1            1.000
 AN2            1.000         1.000
 AN3            1.000         1.000         1.000
 AN4            1.000         1.000         1.000         1.000
 AN5            1.000         1.000         1.000         1.000         1.000
 S1             1.000         1.000         1.000         1.000         1.000
 S2             1.000         1.000         1.000         1.000         1.000
 S3             1.000         1.000         1.000         1.000         1.000
 S4             1.000         1.000         1.000         1.000         1.000
 S5             1.000         1.000         1.000         1.000         1.000


           Covariance Coverage
              S1            S2            S3            S4            S5
              ________      ________      ________      ________      ________
 S1             1.000
 S2             1.000         1.000
 S3             1.000         1.000         1.000
 S4             1.000         1.000         1.000         1.000
 S5             1.000         1.000         1.000         1.000         1.000



     THE H1 MODEL ESTIMATION DID NOT CONVERGE.  THE SAMPLE STATISTICS COULD NOT
     BE COMPUTED.  INCREASE THE NUMBER OF H1ITERATIONS.




RESULTS FOR BASIC ANALYSIS

NOTE:  The sample statistics for within and between refer to the
       maximum-likelihood estimated within and between covariance
       matrices, respectively.


UNIVARIATE SAMPLE STATISTICS


     UNIVARIATE HIGHER-ORDER MOMENT DESCRIPTIVE STATISTICS

         Variable/         Mean/     Skewness/   Minimum/ % with                Percentiles
        Sample Size      Variance    Kurtosis    Maximum  Min/Max      20%/60%    40%/80%    Median

     AP1                   3.427      -0.453       1.000   12.40%       2.000      3.000      4.000
            2508.000       1.736      -0.873       5.000   26.40%       4.000      5.000
     AP2                   3.384      -0.391       1.000    8.01%       3.000      3.000      3.000
            2508.000       1.240      -0.304       5.000   17.38%       4.000      4.000
     AP3                   3.310      -0.359       1.000   11.28%       2.000      3.000      3.000
            2508.000       1.451      -0.591       5.000   18.66%       4.000      4.000
     AP4                   3.360      -0.398       1.000    9.89%       3.000      3.000      3.000
            2508.000       1.396      -0.529       5.000   18.86%       4.000      4.000
     AP5                   3.367      -0.320       1.000    6.46%       3.000      3.000      3.000
            2508.000       1.057       0.023       5.000   14.75%       4.000      4.000
     AN1                   2.390       0.386       1.000   30.34%       1.000      2.000      2.000
            2508.000       1.370      -0.699       5.000    5.22%       3.000      3.000
     AN2                   2.363       0.547       1.000   35.05%       1.000      2.000      2.000
            2508.000       1.632      -0.739       5.000    8.41%       3.000      3.000
     AN3                   2.359       0.430       1.000   30.06%       1.000      2.000      2.000
            2508.000       1.312      -0.559       5.000    5.10%       3.000      3.000
     AN4                   2.241       0.511       1.000   34.05%       1.000      2.000      2.000
            2508.000       1.239      -0.451       5.000    4.11%       3.000      3.000
     AN5                   2.211       0.592       1.000   35.41%       1.000      2.000      2.000
            2508.000       1.269      -0.387       5.000    4.39%       3.000      3.000
     S1                    3.556      -0.661       1.000   12.40%       2.000      4.000      4.000
            2508.000       1.765      -0.705       5.000   29.27%       4.000      5.000
     S2                    3.593      -0.676       1.000    9.37%       3.000      4.000      4.000
            2508.000       1.527      -0.462       5.000   26.95%       4.000      5.000
     S3                    3.663      -0.780       1.000    9.65%       3.000      4.000      4.000
            2508.000       1.566      -0.357       5.000   29.94%       4.000      5.000
     S4                    3.249      -0.261       1.000    9.49%       3.000      3.000      3.000
            2508.000       1.218      -0.236       5.000   14.91%       3.000      4.000
     S5                    3.590      -0.638       1.000   11.56%       2.000      3.000      4.000
            2508.000       1.775      -0.738       5.000   32.34%       4.000      5.000


DIAGRAM INFORMATION

  Mplus diagrams are currently not available for multilevel analysis.
  No diagram output was produced.


     Beginning Time:  15:51:35
        Ending Time:  15:51:37
       Elapsed Time:  00:00:02



MUTHEN & MUTHEN
3463 Stoner Ave.
Los Angeles, CA  90066

Tel: (310) 391-9971
Fax: (310) 391-8971
Web: www.StatModel.com
Support: Support@StatModel.com

Copyright (c) 1998-2026 Muthen & Muthen
