Mplus VERSION 9.1
MUTHEN & MUTHEN
08/26/2026   4:18 PM

INPUT INSTRUCTIONS

  TITLE:
    MULTILEVEL SENSITIVITY - ICC DIAGNOSTICS - SCENARIO A
    social street activation: commercial frontage and outdoor terraces.
    TYPE=TWOLEVEL BASIC reports within/between sample statistics and ICCs.

  DATA:
    FILE = ../../data/Scenario_A_long_final.txt;

  VARIABLE:
    NAMES =
    ID MODO_rango online block present AP1 AP2
    AP3 AP4 AP5 AN1 AN2 AN3 AN4
    AN5 S1 S2 S3 S4 S5 V1
    V2 V3 V4 V5 V6 V7 V8
    V9 V10 V11 V12 V13 V14 V15
    V16 V17 V18 V19
    ;
    USEVARIABLES =
    AP1 AP2 AP3 AP4 AP5
    AN1 AN2 AN3 AN4 AN5
    S1 S2 S3 S4 S5;
    CLUSTER = ID;
    MISSING = ALL(-999);

  ANALYSIS:
    TYPE = TWOLEVEL BASIC;
    ESTIMATOR = MLR;
    H1ITERATIONS = 10000;
    ITERATIONS = 10000;

  OUTPUT:
    SAMPSTAT;



*** WARNING
  One or more individual-level variables have no variation within a
  cluster for the following clusters.

     Variable   Cluster IDs with no within-cluster variation

      AP1         57 69 76 81 100 101 105 133 137 159 168 256 335 351 374 396 403 432 442 448
                  450 461 472 473 474 476 489 495 520 521 522 551 565 591 592 623 631 753 758
                  772 774
      AP2         14 33 39 48 68 69 100 101 191 199 206 234 256 334 335 384 391 393 396 403 411
                  417 426 437 461 464 470 474 476 479 489 494 495 496 503 513 519 551 565 604
                  607 611 627 633 645 655 667 673 700 753 758 774 785 787
      AP3         19 32 33 39 57 76 91 96 100 101 104 105 110 116 133 137 138 148 153 159 168
                  186 189 207 243 256 258 260 266 286 292 297 299 304 335 351 355 356 360 369
                  370 371 383 393 396 397 399 400 403 405 417 421 430 432 435 437 441 442 448
                  450 452 454 457 460 461 464 465 467 469 472 474 476 479 481 486 489 490 491
                  493 495 499 504 509 510 512 518 520 521 551 553 556 558 559 565 577 592 604
                  623 631 632 633 634 638 639 642 654 657 675 677 694 722 730 732 743 753 758
                  762 765 769 774 787 800
      AP4         7 19 33 52 57 68 72 76 100 101 105 110 123 133 145 146 148 161 181 199 207 208
                  211 256 258 260 263 266 286 292 297 304 325 334 335 346 351 355 362 374 380
                  385 393 396 397 400 403 405 408 409 417 418 427 432 435 442 448 449 450 452
                  454 457 460 461 464 465 467 469 472 473 476 479 480 481 485 486 495 499 503
                  509 512 513 520 521 523 553 558 565 592 604 611 612 625 627 631 632 633 638
                  639 651 654 658 667 668 696 753 758 762 765 769 770 774 778 800
      AP5         4 23 39 57 60 76 77 100 101 105 110 121 138 146 159 161 206 223 242 246 256
                  258 292 299 304 334 335 350 353 355 362 363 365 367 371 380 393 396 403 405
                  408 417 421 425 432 435 437 441 442 447 448 449 450 451 454 457 460 461 464
                  465 468 469 471 472 473 476 478 479 480 481 485 489 493 495 500 503 504 511
                  512 513 514 515 517 518 520 522 523 532 549 551 553 559 565 580 605 607 615
                  623 625 628 632 633 642 645 658 667 673 675 696 706 709 712 715 722 747 753
                  762 767 769 770 774 787 788 791 793
      AN1         20 57 68 69 100 101 105 108 130 133 146 148 159 168 176 193 207 211 212 256
                  260 262 305 327 350 351 355 358 368 371 383 393 396 442 450 454 461 464 465
                  470 471 476 478 481 489 493 511 520 521 568 575 577 607 627 631 633 670 675
                  769 774 778 782 799
      AN2         4 32 48 52 57 68 69 70 76 81 90 91 96 104 105 115 133 137 161 193 207 212 215
                  223 224 238 256 260 286 292 304 337 350 351 359 380 393 396 397 400 405 408
                  417 421 432 439 442 448 449 454 457 461 464 465 467 472 473 474 476 489 491
                  493 498 510 511 514 517 520 521 553 565 580 605 611 633 636 655 658 675 694
                  706 730 747 753 755 762 765 769 777 792 799
      AN3         12 18 25 31 32 40 57 60 67 68 69 70 76 81 96 100 101 129 130 133 146 193 207
                  211 212 223 231 243 253 256 260 262 290 292 299 334 350 351 374 380 393 396
                  417 418 424 425 427 432 435 439 442 448 450 454 457 461 465 470 472 474 476
                  479 489 494 495 496 497 503 511 512 521 551 553 559 565 577 591 604 605 607
                  612 623 631 632 633 639 654 667 673 709 730 743 753 762 765 769 774 778 787
                  791
      AN4         4 7 12 19 20 31 32 57 60 67 69 70 76 77 100 101 105 106 108 129 130 133 138
                  146 148 157 159 161 176 181 193 207 212 223 253 256 257 260 262 303 304 305
                  334 335 337 350 351 353 358 360 365 368 370 371 374 380 383 392 393 396 405
                  409 412 415 417 418 423 424 425 427 432 435 438 439 441 442 447 450 454 465
                  470 471 472 474 476 479 480 481 485 486 489 490 491 493 495 497 511 512 514
                  518 520 521 522 523 527 546 551 553 559 565 577 592 604 607 611 627 631 632
                  633 635 639 642 658 661 667 670 673 684 706 753 762 765 769 774 778 787 791
                  799
      AN5         4 12 14 32 39 48 57 60 67 68 69 76 77 90 100 101 105 106 108 123 129 133 159
                  161 193 207 211 212 223 238 243 253 256 260 262 264 273 274 303 304 305 325
                  327 335 344 350 351 353 359 362 365 369 371 379 380 386 392 393 396 412 417
                  421 422 423 424 427 432 435 436 439 442 447 448 449 454 465 470 472 474 476
                  479 480 481 485 489 491 493 494 495 496 501 503 507 511 512 513 514 515 520
                  521 522 523 546 551 553 559 568 577 586 605 607 611 612 627 631 632 633 635
                  645 654 655 657 658 667 670 673 674 696 706 709 715 730 747 753 754 755 758
                  762 765 769 774 787 791 799 800
      S1          19 39 60 69 76 101 129 133 138 146 157 175 225 242 260 266 271 292 299 334 337
                  354 362 374 394 396 403 407 409 413 442 447 448 453 456 464 473 474 476 479
                  486 489 511 512 513 515 520 521 535 551 559 565 591 618 633 639 645 654 655
                  675 694 696 706 709 736 762 765 774 778 799
      S2          19 60 76 77 86 90 101 105 106 129 131 163 175 193 207 223 257 260 266 292 297
                  299 337 362 371 392 394 396 407 409 417 421 442 448 449 454 464 473 474 476
                  479 486 496 503 511 512 515 551 553 565 639 654 670 706 709 765 777 778 787
                  791 799
      S3          4 7 52 56 60 68 69 76 77 83 86 96 101 105 106 131 161 163 175 176 193 238 242
                  246 257 260 266 292 297 299 310 344 362 394 396 407 417 442 447 448 449 453
                  454 457 464 473 474 476 479 486 489 496 499 510 511 512 520 527 546 551 553
                  565 566 615 651 655 661 667 670 674 675 694 696 701 706 709 722 730 753 765
                  769 787 795 799 800
      S4          4 7 32 37 39 54 59 60 65 74 76 80 84 86 96 98 101 106 110 130 133 137 146 160
                  161 171 175 179 193 208 222 223 226 242 243 246 253 255 256 257 260 262 263
                  266 290 292 304 335 337 358 362 367 369 371 372 380 383 386 388 393 394 396
                  403 406 407 412 417 424 432 441 447 448 450 451 457 460 462 464 465 468 471
                  473 474 476 479 480 481 483 486 489 493 494 496 499 503 506 509 514 515 517
                  518 520 522 527 535 549 551 553 556 565 566 586 623 628 635 636 637 658 674
                  693 694 696 706 709 715 718 744 753 755 770 774 778 787 788 792 795 800
      S5          12 35 39 54 60 61 69 76 83 86 101 105 109 133 146 161 166 174 193 207 208 234
                  242 260 266 292 299 334 337 362 365 371 394 396 403 417 442 448 453 457 464
                  472 473 474 476 479 486 489 496 511 512 513 517 520 546 553 559 565 577 580
                  588 618 645 675 709 758 769

   1 WARNING(S) FOUND IN THE INPUT INSTRUCTIONS




MULTILEVEL SENSITIVITY - ICC DIAGNOSTICS - SCENARIO A
social street activation: commercial frontage and outdoor terraces.
TYPE=TWOLEVEL BASIC reports within/between sample statistics and ICCs.

SUMMARY OF ANALYSIS

Number of groups                                                 1
Number of observations                                        1968

Number of dependent variables                                   15
Number of independent variables                                  0
Number of continuous latent variables                            0

Observed dependent variables

  Continuous
   AP1         AP2         AP3         AP4         AP5         AN1
   AN2         AN3         AN4         AN5         S1          S2
   S3          S4          S5

Variables with special functions

  Cluster variable      ID

Estimator                                                      MLR
Information matrix                                        OBSERVED
Maximum number of iterations                                 10000
Convergence criterion                                    0.100D-05
Maximum number of EM iterations                                500
Convergence criteria for the EM algorithm
  Loglikelihood change                                   0.100D-02
  Relative loglikelihood change                          0.100D-05
  Derivative                                             0.100D-03
Minimum variance                                         0.100D-03
Maximum number of steepest descent iterations                   20
Maximum number of iterations for H1                          10000
Convergence criterion for H1                             0.100D-03
Optimization algorithm                                         EMA

Input data file(s)
  ../../data/Scenario_A_long_final.txt
Input data format  FREE


SUMMARY OF DATA

     Number of missing data patterns             1
     Number of clusters                        492

       Size (s)    Cluster ID with Size s

          4        3 4 5 7 12 14 18 19 20 23 24 25 26 30 31 32 33 35 37
                   39 40 42 44 46 48 52 54 56 57 59 60 61 65 67 68 69 70
                   72 73 74 76 77 80 81 82 83 84 86 88 90 91 96 98 100
                   101 104 105 106 107 108 109 110 111 115 116 117 119
                   121 123 127 129 130 131 133 134 137 138 145 146 148
                   149 153 157 159 160 161 163 165 166 168 171 172 174
                   175 176 177 179 180 181 182 183 185 186 189 191 193
                   194 196 199 203 205 206 207 208 211 212 215 217 219
                   222 223 224 225 226 227 230 231 234 235 236 238 242
                   243 246 250 253 255 256 257 258 260 262 263 264 266
                   267 271 272 273 274 280 286 287 290 292 297 299 301
                   303 304 305 310 314 319 325 327 329 332 334 335 337
                   338 340 344 345 346 350 351 352 353 354 355 356 357
                   358 359 360 361 362 363 364 365 366 367 368 369 370
                   371 372 373 374 375 376 377 378 379 380 381 382 383
                   384 385 386 387 388 389 390 391 392 393 394 395 396
                   397 398 399 400 401 402 403 404 405 406 407 408 409
                   410 411 412 413 414 415 416 417 418 419 420 421 422
                   423 424 425 426 427 428 429 430 431 432 433 434 435
                   436 437 438 439 440 441 442 443 444 445 446 447 448
                   449 450 451 452 453 454 455 456 457 458 459 460 461
                   462 463 464 465 466 467 468 469 470 471 472 473 474
                   475 476 477 478 479 480 481 482 483 484 485 486 487
                   488 489 490 491 492 493 494 495 496 497 498 499 500
                   501 502 503 504 505 506 507 508 509 510 511 512 513
                   514 515 516 517 518 519 520 521 522 523 524 525 527
                   530 531 532 533 534 535 540 546 547 549 550 551 553
                   556 557 558 559 565 566 568 575 577 578 580 586 588
                   589 590 591 592 604 605 607 610 611 612 615 616 617
                   618 623 624 625 627 628 630 631 632 633 634 635 636
                   637 638 639 641 642 645 650 651 654 655 656 657 658
                   661 667 668 669 670 673 674 675 677 679 684 685 688
                   689 690 691 693 694 696 700 701 706 709 712 715 718
                   719 722 723 726 728 730 732 734 736 737 741 743 744
                   747 752 753 754 755 756 757 758 759 761 762 764 765
                   767 769 770 772 774 777 778 779 780 781 782 785 787
                   788 789 790 791 792 793 795 799 800

     Average cluster size        4.000

     Estimated Intraclass Correlations for the Y Variables

                Intraclass              Intraclass              Intraclass
     Variable  Correlation   Variable  Correlation   Variable  Correlation

     AP1          0.021      AP2          0.066      AP3          0.097
     AP4          0.143      AP5          0.170      AN1          0.111
     AN2          0.186      AN3          0.194      AN4          0.217
     AN5          0.246      S1           0.032      S2           0.060
     S3           0.078      S4           0.178      S5           0.024



SUMMARY OF MISSING DATA PATTERNS


     MISSING DATA PATTERNS (x = not missing)

           1
 AP1       x
 AP2       x
 AP3       x
 AP4       x
 AP5       x
 AN1       x
 AN2       x
 AN3       x
 AN4       x
 AN5       x
 S1        x
 S2        x
 S3        x
 S4        x
 S5        x


     MISSING DATA PATTERN FREQUENCIES

    Pattern   Frequency
          1        1968


COVARIANCE COVERAGE OF DATA

Minimum covariance coverage value   0.100


     PROPORTION OF DATA PRESENT


           Covariance Coverage
              AP1           AP2           AP3           AP4           AP5
              ________      ________      ________      ________      ________
 AP1            1.000
 AP2            1.000         1.000
 AP3            1.000         1.000         1.000
 AP4            1.000         1.000         1.000         1.000
 AP5            1.000         1.000         1.000         1.000         1.000
 AN1            1.000         1.000         1.000         1.000         1.000
 AN2            1.000         1.000         1.000         1.000         1.000
 AN3            1.000         1.000         1.000         1.000         1.000
 AN4            1.000         1.000         1.000         1.000         1.000
 AN5            1.000         1.000         1.000         1.000         1.000
 S1             1.000         1.000         1.000         1.000         1.000
 S2             1.000         1.000         1.000         1.000         1.000
 S3             1.000         1.000         1.000         1.000         1.000
 S4             1.000         1.000         1.000         1.000         1.000
 S5             1.000         1.000         1.000         1.000         1.000


           Covariance Coverage
              AN1           AN2           AN3           AN4           AN5
              ________      ________      ________      ________      ________
 AN1            1.000
 AN2            1.000         1.000
 AN3            1.000         1.000         1.000
 AN4            1.000         1.000         1.000         1.000
 AN5            1.000         1.000         1.000         1.000         1.000
 S1             1.000         1.000         1.000         1.000         1.000
 S2             1.000         1.000         1.000         1.000         1.000
 S3             1.000         1.000         1.000         1.000         1.000
 S4             1.000         1.000         1.000         1.000         1.000
 S5             1.000         1.000         1.000         1.000         1.000


           Covariance Coverage
              S1            S2            S3            S4            S5
              ________      ________      ________      ________      ________
 S1             1.000
 S2             1.000         1.000
 S3             1.000         1.000         1.000
 S4             1.000         1.000         1.000         1.000
 S5             1.000         1.000         1.000         1.000         1.000





RESULTS FOR BASIC ANALYSIS

NOTE:  The sample statistics for within and between refer to the
       maximum-likelihood estimated within and between covariance
       matrices, respectively.


     ESTIMATED SAMPLE STATISTICS FOR WITHIN


           Means
              AP1           AP2           AP3           AP4           AP5
              ________      ________      ________      ________      ________
                0.000         0.000         0.000         0.000         0.000


           Means
              AN1           AN2           AN3           AN4           AN5
              ________      ________      ________      ________      ________
                0.000         0.000         0.000         0.000         0.000


           Means
              S1            S2            S3            S4            S5
              ________      ________      ________      ________      ________
                0.000         0.000         0.000         0.000         0.000


           Covariances
              AP1           AP2           AP3           AP4           AP5
              ________      ________      ________      ________      ________
 AP1            1.357
 AP2            0.294         1.279
 AP3            0.629         0.289         0.951
 AP4            0.649         0.268         0.612         0.971
 AP5            0.563         0.172         0.450         0.508         0.967
 AN1           -0.482         0.133        -0.304        -0.345        -0.359
 AN2           -0.561        -0.079        -0.406        -0.441        -0.393
 AN3           -0.467         0.132        -0.308        -0.295        -0.383
 AN4           -0.452         0.058        -0.296        -0.309        -0.318
 AN5           -0.440         0.076        -0.304        -0.322        -0.339
 S1             0.774         0.135         0.541         0.579         0.549
 S2             0.712         0.028         0.526         0.552         0.526
 S3             0.757         0.138         0.517         0.574         0.554
 S4             0.511         0.038         0.409         0.421         0.397
 S5             0.838         0.133         0.592         0.634         0.596


           Covariances
              AN1           AN2           AN3           AN4           AN5
              ________      ________      ________      ________      ________
 AN1            1.371
 AN2            0.529         1.122
 AN3            0.607         0.522         1.118
 AN4            0.599         0.492         0.621         1.023
 AN5            0.509         0.503         0.579         0.587         1.009
 S1            -0.480        -0.566        -0.521        -0.470        -0.485
 S2            -0.491        -0.549        -0.555        -0.485        -0.497
 S3            -0.432        -0.558        -0.517        -0.478        -0.495
 S4            -0.298        -0.375        -0.358        -0.290        -0.333
 S5            -0.508        -0.579        -0.568        -0.476        -0.509


           Covariances
              S1            S2            S3            S4            S5
              ________      ________      ________      ________      ________
 S1             1.361
 S2             0.974         1.295
 S3             0.945         1.023         1.244
 S4             0.628         0.655         0.655         0.927
 S5             1.000         0.973         0.991         0.726         1.494


           Correlations
              AP1           AP2           AP3           AP4           AP5
              ________      ________      ________      ________      ________
 AP1            1.000
 AP2            0.223         1.000
 AP3            0.554         0.262         1.000
 AP4            0.565         0.240         0.636         1.000
 AP5            0.491         0.155         0.469         0.525         1.000
 AN1           -0.353         0.100        -0.266        -0.299        -0.312
 AN2           -0.455        -0.066        -0.393        -0.423        -0.378
 AN3           -0.379         0.110        -0.299        -0.283        -0.369
 AN4           -0.384         0.050        -0.300        -0.310        -0.319
 AN5           -0.376         0.067        -0.310        -0.326        -0.343
 S1             0.570         0.102         0.475         0.503         0.478
 S2             0.537         0.022         0.474         0.492         0.470
 S3             0.582         0.109         0.475         0.522         0.505
 S4             0.455         0.035         0.435         0.444         0.420
 S5             0.588         0.096         0.497         0.526         0.496


           Correlations
              AN1           AN2           AN3           AN4           AN5
              ________      ________      ________      ________      ________
 AN1            1.000
 AN2            0.426         1.000
 AN3            0.490         0.466         1.000
 AN4            0.506         0.459         0.581         1.000
 AN5            0.433         0.473         0.545         0.578         1.000
 S1            -0.352        -0.458        -0.422        -0.398        -0.414
 S2            -0.369        -0.455        -0.462        -0.421        -0.435
 S3            -0.331        -0.472        -0.439        -0.424        -0.442
 S4            -0.265        -0.368        -0.352        -0.298        -0.345
 S5            -0.355        -0.447        -0.439        -0.385        -0.414


           Correlations
              S1            S2            S3            S4            S5
              ________      ________      ________      ________      ________
 S1             1.000
 S2             0.733         1.000
 S3             0.726         0.806         1.000
 S4             0.559         0.598         0.610         1.000
 S5             0.701         0.699         0.727         0.617         1.000


     ESTIMATED SAMPLE STATISTICS FOR BETWEEN


           Means
              AP1           AP2           AP3           AP4           AP5
              ________      ________      ________      ________      ________
                3.197         3.521         2.999         2.968         3.247


           Means
              AN1           AN2           AN3           AN4           AN5
              ________      ________      ________      ________      ________
                2.582         2.473         2.578         2.413         2.370


           Means
              S1            S2            S3            S4            S5
              ________      ________      ________      ________      ________
                3.250         3.320         3.422         3.059         3.276


           Covariances
              AP1           AP2           AP3           AP4           AP5
              ________      ________      ________      ________      ________
 AP1            0.029
 AP2            0.029         0.090
 AP3            0.043         0.029         0.103
 AP4            0.043         0.036         0.111         0.162
 AP5            0.047         0.111         0.084         0.112         0.198
 AN1            0.037         0.017         0.042         0.045         0.026
 AN2            0.036        -0.030         0.069         0.063        -0.019
 AN3            0.029         0.007         0.055         0.075         0.031
 AN4            0.018        -0.017         0.029         0.055         0.002
 AN5            0.014        -0.041         0.037         0.054        -0.028
 S1             0.005         0.035        -0.003        -0.011         0.029
 S2             0.013         0.060         0.012         0.010         0.060
 S3             0.009         0.067         0.007         0.010         0.069
 S4             0.023         0.055         0.022         0.012         0.034
 S5             0.005         0.039        -0.004        -0.007         0.026


           Covariances
              AN1           AN2           AN3           AN4           AN5
              ________      ________      ________      ________      ________
 AN1            0.171
 AN2            0.139         0.256
 AN3            0.196         0.186         0.269
 AN4            0.191         0.198         0.261         0.283
 AN5            0.194         0.231         0.274         0.297         0.330
 S1            -0.011        -0.013        -0.011        -0.031        -0.045
 S2            -0.039        -0.018        -0.043        -0.063        -0.074
 S3            -0.046        -0.045        -0.050        -0.078        -0.093
 S4             0.055         0.062         0.062         0.061         0.063
 S5             0.013        -0.020         0.011         0.002        -0.005


           Covariances
              S1            S2            S3            S4            S5
              ________      ________      ________      ________      ________
 S1             0.045
 S2             0.045         0.083
 S3             0.052         0.089         0.105
 S4             0.008         0.032         0.010         0.201
 S5             0.012         0.022         0.024         0.066         0.036


           Correlations
              AP1           AP2           AP3           AP4           AP5
              ________      ________      ________      ________      ________
 AP1            1.000
 AP2            0.567         1.000
 AP3            0.788         0.297         1.000
 AP4            0.625         0.297         0.862         1.000
 AP5            0.616         0.829         0.586         0.626         1.000
 AN1            0.519         0.139         0.320         0.269         0.142
 AN2            0.413        -0.199         0.424         0.307        -0.083
 AN3            0.331         0.046         0.332         0.357         0.133
 AN4            0.199        -0.104         0.173         0.258         0.010
 AN5            0.145        -0.240         0.199         0.234        -0.111
 S1             0.133         0.555        -0.045        -0.125         0.304
 S2             0.255         0.693         0.128         0.090         0.470
 S3             0.163         0.691         0.065         0.073         0.477
 S4             0.305         0.405         0.155         0.068         0.172
 S5             0.158         0.674        -0.073        -0.088         0.308


           Correlations
              AN1           AN2           AN3           AN4           AN5
              ________      ________      ________      ________      ________
 AN1            1.000
 AN2            0.663         1.000
 AN3            0.910         0.708         1.000
 AN4            0.866         0.735         0.947         1.000
 AN5            0.816         0.793         0.918         0.974         1.000
 S1            -0.126        -0.123        -0.098        -0.278        -0.370
 S2            -0.325        -0.127        -0.287        -0.410        -0.447
 S3            -0.342        -0.276        -0.300        -0.454        -0.500
 S4             0.294         0.275         0.265         0.257         0.246
 S5             0.168        -0.209         0.112         0.015        -0.049


           Correlations
              S1            S2            S3            S4            S5
              ________      ________      ________      ________      ________
 S1             1.000
 S2             0.739         1.000
 S3             0.750         0.952         1.000
 S4             0.086         0.251         0.068         1.000
 S5             0.309         0.409         0.391         0.772         1.000


     MAXIMUM LOG-LIKELIHOOD VALUE FOR THE UNRESTRICTED (H1) MODEL IS -37228.151


UNIVARIATE SAMPLE STATISTICS


     UNIVARIATE HIGHER-ORDER MOMENT DESCRIPTIVE STATISTICS

         Variable/         Mean/     Skewness/   Minimum/ % with                Percentiles
        Sample Size      Variance    Kurtosis    Maximum  Min/Max      20%/60%    40%/80%    Median

     AP1                   3.197      -0.187       1.000   10.11%       2.000      3.000      3.000
            1968.000       1.387      -0.703       5.000   15.50%       3.000      4.000
     AP2                   3.521      -0.462       1.000    6.61%       3.000      3.000      4.000
            1968.000       1.369      -0.597       5.000   23.63%       4.000      5.000
     AP3                   2.999      -0.063       1.000    9.91%       2.000      3.000      3.000
            1968.000       1.054      -0.036       5.000    8.74%       3.000      4.000
     AP4                   2.968      -0.083       1.000   11.38%       2.000      3.000      3.000
            1968.000       1.134      -0.282       5.000    8.43%       3.000      4.000
     AP5                   3.247      -0.250       1.000    7.72%       2.000      3.000      3.000
            1968.000       1.166      -0.354       5.000   13.01%       3.000      4.000
     AN1                   2.582       0.317       1.000   24.75%       1.000      2.000      3.000
            1968.000       1.542      -0.872       5.000    8.38%       3.000      4.000
     AN2                   2.473       0.360       1.000   26.42%       1.000      2.000      2.000
            1968.000       1.378      -0.675       5.000    6.15%       3.000      3.000
     AN3                   2.578       0.302       1.000   22.31%       1.000      2.000      3.000
            1968.000       1.387      -0.714       5.000    7.01%       3.000      4.000
     AN4                   2.413       0.416       1.000   26.88%       1.000      2.000      2.000
            1968.000       1.305      -0.567       5.000    5.28%       3.000      3.000
     AN5                   2.370       0.490       1.000   28.76%       1.000      2.000      2.000
            1968.000       1.339      -0.531       5.000    5.59%       3.000      3.000
     S1                    3.250      -0.344       1.000   10.77%       2.000      3.000      3.000
            1968.000       1.406      -0.678       5.000   14.89%       4.000      4.000
     S2                    3.320      -0.420       1.000    9.65%       2.000      3.000      3.000
            1968.000       1.377      -0.616       5.000   15.60%       4.000      4.000
     S3                    3.422      -0.518       1.000    8.69%       2.000      3.000      4.000
            1968.000       1.350      -0.470       5.000   17.84%       4.000      4.000
     S4                    3.059      -0.133       1.000   10.47%       2.000      3.000      3.000
            1968.000       1.129      -0.157       5.000   10.16%       3.000      4.000
     S5                    3.276      -0.316       1.000   11.28%       2.000      3.000      3.000
            1968.000       1.530      -0.823       5.000   18.19%       4.000      4.000


DIAGRAM INFORMATION

  Mplus diagrams are currently not available for multilevel analysis.
  No diagram output was produced.


     Beginning Time:  16:18:47
        Ending Time:  16:18:51
       Elapsed Time:  00:00:04



MUTHEN & MUTHEN
3463 Stoner Ave.
Los Angeles, CA  90066

Tel: (310) 391-9971
Fax: (310) 391-8971
Web: www.StatModel.com
Support: Support@StatModel.com

Copyright (c) 1998-2026 Muthen & Muthen
