Mplus VERSION 9.1
MUTHEN & MUTHEN
08/17/2026   8:21 AM

INPUT INSTRUCTIONS

  TITLE: SWLS Comercios - CFA Multigroup;

  DATA:
  FILE = ../data/datos_com_terr_legacy_order.txt;

  VARIABLE:
  NAMES =
  id MODO online
  ap1cc ap1sc an1cc an1sc
  ap2cc ap2sc an2cc an2sc
  ap3cc ap3sc an3cc an3sc
  ap4cc ap4sc an4cc an4sc
  ap5cc ap5sc an5cc an5sc
  S1cc S1sc S2cc S2sc S3cc
  S3sc S4cc S4sc S5cc S5sc
  ap1ct ap1st an1ct an1st
  ap2ct ap2st an2ct an2st
  ap3ct ap3st an3ct an3st
  ap4ct ap4st an4ct an4st
  ap5ct ap5st an5ct an5st
  S1ct S1st S2ct S2st S3ct
  S3st S4ct S4st S5ct S5st
  V1 V2 V3 V4 V5 V6 V7 V8 V9
  V10 V11 V12 V13 V14 V15 V16
  V17 V18 V19;

  USEVARIABLES =
  S1cc S1sc S2cc S2sc S3cc
  S3sc S4cc S4sc S5cc S5sc;

  GROUPING = online
  (1 = online
   2 = presencial);

  MISSING = ALL (-999);

  ANALYSIS:
  ESTIMATOR = MLR;

  MODEL:

  Scc BY S1cc S2cc S3cc S4cc S5cc;
  Ssc BY S1sc S2sc S3sc S4sc S5sc;

  Scc WITH Ssc;

  S1cc WITH S1sc;
  S2cc WITH S2sc;
  S3cc WITH S3sc;
  S4cc WITH S4sc;
  S5cc WITH S5sc;

  OUTPUT:
  STANDARDIZED;
  MODINDICES(10);
  SAMPSTAT;
  RESIDUAL;
  TECH1;
  TECH4;



INPUT READING TERMINATED NORMALLY



SWLS Comercios - CFA Multigroup;

SUMMARY OF ANALYSIS

Number of groups                                                 2
Number of observations
   Group ONLINE                                                174
   Group PRESENCIAL                                            318
   Total sample size                                           492

Number of dependent variables                                   10
Number of independent variables                                  0
Number of continuous latent variables                            2

Observed dependent variables

  Continuous
   S1CC        S1SC        S2CC        S2SC        S3CC        S3SC
   S4CC        S4SC        S5CC        S5SC

Continuous latent variables
   SCC         SSC

Variables with special functions

  Grouping variable     ONLINE

Estimator                                                      MLR
Information matrix                                        OBSERVED
Maximum number of iterations                                  1000
Convergence criterion                                    0.500D-04
Maximum number of steepest descent iterations                   20
Maximum number of iterations for H1                           2000
Convergence criterion for H1                             0.100D-03

Input data file(s)
  ../data/datos_com_terr_legacy_order.txt

Input data format  FREE


SUMMARY OF DATA

   Group ONLINE
     Number of missing data patterns             1

   Group PRESENCIAL
     Number of missing data patterns             1


COVARIANCE COVERAGE OF DATA

Minimum covariance coverage value   0.100


     PROPORTION OF DATA PRESENT FOR ONLINE


           Covariance Coverage
              S1CC          S1SC          S2CC          S2SC          S3CC
              ________      ________      ________      ________      ________
 S1CC           1.000
 S1SC           1.000         1.000
 S2CC           1.000         1.000         1.000
 S2SC           1.000         1.000         1.000         1.000
 S3CC           1.000         1.000         1.000         1.000         1.000
 S3SC           1.000         1.000         1.000         1.000         1.000
 S4CC           1.000         1.000         1.000         1.000         1.000
 S4SC           1.000         1.000         1.000         1.000         1.000
 S5CC           1.000         1.000         1.000         1.000         1.000
 S5SC           1.000         1.000         1.000         1.000         1.000


           Covariance Coverage
              S3SC          S4CC          S4SC          S5CC          S5SC
              ________      ________      ________      ________      ________
 S3SC           1.000
 S4CC           1.000         1.000
 S4SC           1.000         1.000         1.000
 S5CC           1.000         1.000         1.000         1.000
 S5SC           1.000         1.000         1.000         1.000         1.000


     PROPORTION OF DATA PRESENT FOR PRESENCIAL


           Covariance Coverage
              S1CC          S1SC          S2CC          S2SC          S3CC
              ________      ________      ________      ________      ________
 S1CC           1.000
 S1SC           1.000         1.000
 S2CC           1.000         1.000         1.000
 S2SC           1.000         1.000         1.000         1.000
 S3CC           1.000         1.000         1.000         1.000         1.000
 S3SC           1.000         1.000         1.000         1.000         1.000
 S4CC           1.000         1.000         1.000         1.000         1.000
 S4SC           1.000         1.000         1.000         1.000         1.000
 S5CC           1.000         1.000         1.000         1.000         1.000
 S5SC           1.000         1.000         1.000         1.000         1.000


           Covariance Coverage
              S3SC          S4CC          S4SC          S5CC          S5SC
              ________      ________      ________      ________      ________
 S3SC           1.000
 S4CC           1.000         1.000
 S4SC           1.000         1.000         1.000
 S5CC           1.000         1.000         1.000         1.000
 S5SC           1.000         1.000         1.000         1.000         1.000


SAMPLE STATISTICS


     ESTIMATED SAMPLE STATISTICS FOR ONLINE


           Means
              S1CC          S1SC          S2CC          S2SC          S3CC
              ________      ________      ________      ________      ________
                3.862         2.684         3.713         2.868         3.868


           Means
              S3SC          S4CC          S4SC          S5CC          S5SC
              ________      ________      ________      ________      ________
                2.810         3.333         2.667         3.851         2.667


           Covariances
              S1CC          S1SC          S2CC          S2SC          S3CC
              ________      ________      ________      ________      ________
 S1CC           0.728
 S1SC          -0.124         1.147
 S2CC           0.558        -0.097         0.825
 S2SC          -0.116         0.884        -0.095         1.080
 S3CC           0.551        -0.111         0.692        -0.092         0.793
 S3SC          -0.147         0.929        -0.152         0.958        -0.106
 S4CC           0.316        -0.308         0.400        -0.261         0.366
 S4SC          -0.121         0.458        -0.096         0.467        -0.136
 S5CC           0.497        -0.248         0.515        -0.215         0.520
 S5SC          -0.201         0.648        -0.211         0.680        -0.262


           Covariances
              S3SC          S4CC          S4SC          S5CC          S5SC
              ________      ________      ________      ________      ________
 S3SC           1.177
 S4CC          -0.328         0.946
 S4SC           0.471         0.123         0.808
 S5CC          -0.275         0.550         0.019         0.840
 S5SC           0.684        -0.239         0.452        -0.228         1.073


           Correlations
              S1CC          S1SC          S2CC          S2SC          S3CC
              ________      ________      ________      ________      ________
 S1CC           1.000
 S1SC          -0.136         1.000
 S2CC           0.720        -0.099         1.000
 S2SC          -0.131         0.794        -0.101         1.000
 S3CC           0.725        -0.116         0.855        -0.100         1.000
 S3SC          -0.159         0.799        -0.154         0.849        -0.109
 S4CC           0.381        -0.296         0.453        -0.258         0.422
 S4SC          -0.157         0.475        -0.117         0.500        -0.170
 S5CC           0.635        -0.253         0.618        -0.226         0.638
 S5SC          -0.228         0.584        -0.224         0.632        -0.285


           Correlations
              S3SC          S4CC          S4SC          S5CC          S5SC
              ________      ________      ________      ________      ________
 S3SC           1.000
 S4CC          -0.310         1.000
 S4SC           0.483         0.140         1.000
 S5CC          -0.277         0.617         0.023         1.000
 S5SC           0.609        -0.238         0.485        -0.240         1.000


     ESTIMATED SAMPLE STATISTICS FOR PRESENCIAL


           Means
              S1CC          S1SC          S2CC          S2SC          S3CC
              ________      ________      ________      ________      ________
                3.519         2.987         3.535         3.296         3.752


           Means
              S3SC          S4CC          S4SC          S5CC          S5SC
              ________      ________      ________      ________      ________
                3.381         3.182         3.006         3.588         3.179


           Covariances
              S1CC          S1SC          S2CC          S2SC          S3CC
              ________      ________      ________      ________      ________
 S1CC           1.451
 S1SC          -0.563         1.421
 S2CC           0.899        -0.412         1.368
 S2SC          -0.436         0.922        -0.325         1.372
 S3CC           0.742        -0.343         0.928        -0.260         1.118
 S3SC          -0.449         0.910        -0.301         1.038        -0.198
 S4CC           0.641        -0.300         0.698        -0.211         0.627
 S4SC          -0.305         0.610        -0.195         0.624        -0.168
 S5CC           0.956        -0.568         0.852        -0.542         0.803
 S5SC          -0.687         0.968        -0.599         0.890        -0.474


           Covariances
              S3SC          S4CC          S4SC          S5CC          S5SC
              ________      ________      ________      ________      ________
 S3SC           1.368
 S4CC          -0.274         1.162
 S4SC           0.664         0.074         1.208
 S5CC          -0.463         0.666        -0.280         1.538
 S5SC           0.995        -0.303         0.744        -0.678         1.569


           Correlations
              S1CC          S1SC          S2CC          S2SC          S3CC
              ________      ________      ________      ________      ________
 S1CC           1.000
 S1SC          -0.392         1.000
 S2CC           0.638        -0.295         1.000
 S2SC          -0.309         0.660        -0.237         1.000
 S3CC           0.583        -0.272         0.751        -0.210         1.000
 S3SC          -0.319         0.653        -0.220         0.758        -0.160
 S4CC           0.494        -0.233         0.554        -0.167         0.550
 S4SC          -0.231         0.466        -0.152         0.485        -0.145
 S5CC           0.640        -0.384         0.588        -0.373         0.613
 S5SC          -0.456         0.648        -0.409         0.607        -0.358


           Correlations
              S3SC          S4CC          S4SC          S5CC          S5SC
              ________      ________      ________      ________      ________
 S3SC           1.000
 S4CC          -0.217         1.000
 S4SC           0.517         0.063         1.000
 S5CC          -0.319         0.499        -0.206         1.000
 S5SC           0.679        -0.225         0.541        -0.436         1.000


     MAXIMUM LOG-LIKELIHOOD VALUE FOR THE UNRESTRICTED (H1) MODEL IS -5842.408


UNIVARIATE SAMPLE STATISTICS


     UNIVARIATE HIGHER-ORDER MOMENT DESCRIPTIVE STATISTICS FOR ONLINE

         Variable/         Mean/     Skewness/   Minimum/ % with                Percentiles
        Sample Size      Variance    Kurtosis    Maximum  Min/Max      20%/60%    40%/80%    Median

     S1CC                  3.862      -0.510       1.000    0.57%       3.000      4.000      4.000
             174.000       0.728       0.004       5.000   22.99%       4.000      5.000
     S1SC                  2.684       0.036       1.000   17.24%       2.000      3.000      3.000
             174.000       1.147      -0.548       5.000    4.60%       3.000      3.000
     S2CC                  3.713      -0.506       1.000    1.72%       3.000      4.000      4.000
             174.000       0.825       0.118       5.000   18.97%       4.000      4.000
     S2SC                  2.868      -0.226       1.000   13.79%       2.000      3.000      3.000
             174.000       1.080      -0.380       5.000    4.60%       3.000      4.000
     S3CC                  3.868      -0.618       1.000    1.15%       3.000      4.000      4.000
             174.000       0.793       0.203       5.000   24.71%       4.000      5.000
     S3SC                  2.810      -0.051       1.000   15.52%       2.000      3.000      3.000
             174.000       1.177      -0.451       5.000    6.32%       3.000      4.000
     S4CC                  3.333      -0.294       1.000    5.75%       3.000      3.000      3.000
             174.000       0.946       0.253       5.000   12.07%       3.000      4.000
     S4SC                  2.667      -0.244       1.000   14.37%       2.000      3.000      3.000
             174.000       0.808       0.367       5.000    2.87%       3.000      3.000
     S5CC                  3.851      -0.462       1.000    1.15%       3.000      4.000      4.000
             174.000       0.840      -0.186       5.000   27.01%       4.000      5.000
     S5SC                  2.667       0.171       1.000   15.52%       2.000      3.000      3.000
             174.000       1.073      -0.166       5.000    5.75%       3.000      3.000


     UNIVARIATE HIGHER-ORDER MOMENT DESCRIPTIVE STATISTICS FOR PRESENCIAL

         Variable/         Mean/     Skewness/   Minimum/ % with                Percentiles
        Sample Size      Variance    Kurtosis    Maximum  Min/Max      20%/60%    40%/80%    Median

     S1CC                  3.519      -0.687       1.000    9.75%       3.000      3.000      4.000
             318.000       1.451      -0.391       5.000   21.07%       4.000      5.000
     S1SC                  2.987      -0.076       1.000   14.15%       2.000      3.000      3.000
             318.000       1.421      -0.787       5.000   11.32%       3.000      4.000
     S2CC                  3.535      -0.696       1.000    8.18%       3.000      4.000      4.000
             318.000       1.368      -0.347       5.000   19.81%       4.000      4.000
     S2SC                  3.296      -0.366       1.000    9.43%       2.000      3.000      3.000
             318.000       1.372      -0.657       5.000   15.41%       4.000      4.000
     S3CC                  3.752      -0.818       1.000    4.40%       3.000      4.000      4.000
             318.000       1.118       0.195       5.000   24.84%       4.000      5.000
     S3SC                  3.381      -0.407       1.000    8.18%       2.000      3.000      4.000
             318.000       1.368      -0.634       5.000   17.92%       4.000      4.000
     S4CC                  3.182      -0.337       1.000   10.06%       3.000      3.000      3.000
             318.000       1.162      -0.214       5.000   10.69%       3.000      4.000
     S4SC                  3.006       0.059       1.000   11.01%       2.000      3.000      3.000
             318.000       1.208      -0.232       5.000   12.58%       3.000      4.000
     S5CC                  3.588      -0.697       1.000    9.43%       3.000      4.000      4.000
             318.000       1.538      -0.479       5.000   26.10%       4.000      5.000
     S5SC                  3.179      -0.187       1.000   11.95%       2.000      3.000      3.000
             318.000       1.569      -0.954       5.000   16.98%       4.000      4.000


THE MODEL ESTIMATION TERMINATED NORMALLY



MODEL FIT INFORMATION

Number of Free Parameters                       56

Loglikelihood

          H0 Value                       -5971.103
          H0 Scaling Correction Factor      1.4329
            for MLR
          H1 Value                       -5842.408
          H1 Scaling Correction Factor      1.3151
            for MLR

Information Criteria

          Akaike (AIC)                   12054.205
          Bayesian (BIC)                 12289.320
          Sample-Size Adjusted BIC       12111.576
            (n* = (n + 2) / 24)

Chi-Square Test of Model Fit

          Value                            209.947*
          Degrees of Freedom                    74
          P-Value                           0.0000
          Scaling Correction Factor         1.2260
            for MLR

Chi-Square Contribution From Each Group

          ONLINE                            99.110
          PRESENCIAL                       110.837

*   The chi-square value for MLM, MLMV, MLR, ULSMV, WLSM and WLSMV cannot be used
    for chi-square difference testing in the regular way.  MLM, MLR and WLSM
    chi-square difference testing is described on the Mplus website.  MLMV, WLSMV,
    and ULSMV difference testing is done using the DIFFTEST option.

RMSEA (Root Mean Square Error Of Approximation)

          Estimate                           0.086
          90 Percent C.I.                    0.073  0.100
          Probability RMSEA <= .05           0.000

CFI/TLI

          CFI                                0.932
          TLI                                0.917

Chi-Square Test of Model Fit for the Baseline Model

          Value                           2089.834
          Degrees of Freedom                    90
          P-Value                           0.0000

SRMR (Standardized Root Mean Square Residual)

          Value                              0.085



MODEL RESULTS

                                                    Two-Tailed
                    Estimate       S.E.  Est./S.E.    P-Value

Group ONLINE

 SCC      BY
    S1CC               1.000      0.000    999.000    999.000
    S2CC               1.133      0.056     20.311      0.000
    S3CC               1.054      0.055     19.096      0.000
    S4CC               0.769      0.056     13.623      0.000
    S5CC               1.004      0.060     16.824      0.000

 SSC      BY
    S1SC               1.000      0.000    999.000    999.000
    S2SC               1.060      0.043     24.945      0.000
    S3SC               1.109      0.041     26.787      0.000
    S4SC               0.693      0.050     13.775      0.000
    S5SC               0.988      0.050     19.581      0.000

 SCC      WITH
    SSC               -0.140      0.062     -2.265      0.024

 S1CC     WITH
    S1SC               0.001      0.031      0.038      0.970

 S2CC     WITH
    S2SC               0.005      0.023      0.200      0.842

 S3CC     WITH
    S3SC               0.057      0.023      2.515      0.012

 S4CC     WITH
    S4SC               0.303      0.090      3.366      0.001

 S5CC     WITH
    S5SC               0.067      0.050      1.355      0.175

 Means
    SCC                0.000      0.000    999.000    999.000
    SSC                0.000      0.000    999.000    999.000

 Intercepts
    S1CC               3.793      0.063     59.861      0.000
    S1SC               2.614      0.074     35.481      0.000
    S2CC               3.729      0.067     56.034      0.000
    S2SC               2.853      0.077     37.276      0.000
    S3CC               3.908      0.064     61.119      0.000
    S3SC               2.856      0.080     35.487      0.000
    S4CC               3.333      0.057     58.118      0.000
    S4SC               2.687      0.059     45.755      0.000
    S5CC               3.820      0.065     59.062      0.000
    S5SC               2.715      0.073     36.949      0.000

 Variances
    SCC                0.533      0.071      7.483      0.000
    SSC                0.779      0.096      8.073      0.000

 Residual Variances
    S1CC               0.267      0.045      5.905      0.000
    S1SC               0.302      0.044      6.824      0.000
    S2CC               0.139      0.032      4.327      0.000
    S2SC               0.178      0.030      5.909      0.000
    S3CC               0.141      0.028      5.032      0.000
    S3SC               0.191      0.040      4.826      0.000
    S4CC               0.688      0.103      6.688      0.000
    S4SC               0.563      0.083      6.797      0.000
    S5CC               0.399      0.056      7.147      0.000
    S5SC               0.569      0.122      4.657      0.000

Group PRESENCIAL

 SCC      BY
    S1CC               1.000      0.000    999.000    999.000
    S2CC               1.133      0.056     20.311      0.000
    S3CC               1.054      0.055     19.096      0.000
    S4CC               0.769      0.056     13.623      0.000
    S5CC               1.004      0.060     16.824      0.000

 SSC      BY
    S1SC               1.000      0.000    999.000    999.000
    S2SC               1.060      0.043     24.945      0.000
    S3SC               1.109      0.041     26.787      0.000
    S4SC               0.693      0.050     13.775      0.000
    S5SC               0.988      0.050     19.581      0.000

 SCC      WITH
    SSC               -0.352      0.074     -4.785      0.000

 S1CC     WITH
    S1SC              -0.074      0.061     -1.213      0.225

 S2CC     WITH
    S2SC               0.032      0.057      0.566      0.572

 S3CC     WITH
    S3SC               0.091      0.036      2.532      0.011

 S4CC     WITH
    S4SC               0.222      0.065      3.403      0.001

 S5CC     WITH
    S5SC              -0.048      0.061     -0.787      0.431

 Means
    SCC               -0.194      0.080     -2.425      0.015
    SSC                0.434      0.087      4.982      0.000

 Intercepts
    S1CC               3.793      0.063     59.861      0.000
    S1SC               2.614      0.074     35.481      0.000
    S2CC               3.729      0.067     56.034      0.000
    S2SC               2.853      0.077     37.276      0.000
    S3CC               3.908      0.064     61.119      0.000
    S3SC               2.856      0.080     35.487      0.000
    S4CC               3.333      0.057     58.118      0.000
    S4SC               2.687      0.059     45.755      0.000
    S5CC               3.820      0.065     59.062      0.000
    S5SC               2.715      0.073     36.949      0.000

 Variances
    SCC                0.752      0.096      7.798      0.000
    SSC                0.852      0.085      9.973      0.000

 Residual Variances
    S1CC               0.642      0.069      9.332      0.000
    S1SC               0.561      0.070      8.034      0.000
    S2CC               0.389      0.060      6.463      0.000
    S2SC               0.423      0.077      5.495      0.000
    S3CC               0.331      0.050      6.680      0.000
    S3SC               0.332      0.060      5.514      0.000
    S4CC               0.666      0.064     10.429      0.000
    S4SC               0.772      0.072     10.783      0.000
    S5CC               0.695      0.079      8.767      0.000
    S5SC               0.612      0.062      9.825      0.000


QUALITY OF NUMERICAL RESULTS

     Condition Number for the Information Matrix              0.609E-02
       (ratio of smallest to largest eigenvalue)


STANDARDIZED MODEL RESULTS


STDYX Standardization

                                                    Two-Tailed
                    Estimate       S.E.  Est./S.E.    P-Value

Group ONLINE

 SCC      BY
    S1CC               0.816      0.031     26.373      0.000
    S2CC               0.911      0.023     40.411      0.000
    S3CC               0.898      0.025     36.350      0.000
    S4CC               0.561      0.045     12.460      0.000
    S5CC               0.757      0.034     22.348      0.000

 SSC      BY
    S1SC               0.849      0.025     33.474      0.000
    S2SC               0.912      0.018     50.009      0.000
    S3SC               0.913      0.020     46.703      0.000
    S4SC               0.632      0.043     14.700      0.000
    S5SC               0.756      0.041     18.307      0.000

 SCC      WITH
    SSC               -0.217      0.095     -2.287      0.022

 S1CC     WITH
    S1SC               0.004      0.109      0.038      0.970

 S2CC     WITH
    S2SC               0.030      0.149      0.199      0.842

 S3CC     WITH
    S3SC               0.349      0.118      2.953      0.003

 S4CC     WITH
    S4SC               0.487      0.094      5.190      0.000

 S5CC     WITH
    S5SC               0.141      0.102      1.392      0.164

 Means
    SCC                0.000      0.000    999.000    999.000
    SSC                0.000      0.000    999.000    999.000

 Intercepts
    S1CC               4.241      0.246     17.240      0.000
    S1SC               2.513      0.134     18.736      0.000
    S2CC               4.112      0.260     15.799      0.000
    S2SC               2.779      0.163     17.078      0.000
    S3CC               4.566      0.290     15.727      0.000
    S3SC               2.664      0.150     17.755      0.000
    S4CC               3.328      0.201     16.557      0.000
    S4SC               2.777      0.181     15.381      0.000
    S5CC               3.949      0.226     17.459      0.000
    S5SC               2.354      0.143     16.414      0.000

 Variances
    SCC                1.000      0.000    999.000    999.000
    SSC                1.000      0.000    999.000    999.000

 Residual Variances
    S1CC               0.334      0.050      6.622      0.000
    S1SC               0.280      0.043      6.498      0.000
    S2CC               0.169      0.041      4.114      0.000
    S2SC               0.169      0.033      5.083      0.000
    S3CC               0.193      0.044      4.339      0.000
    S3SC               0.167      0.036      4.666      0.000
    S4CC               0.686      0.050     13.590      0.000
    S4SC               0.601      0.054     11.067      0.000
    S5CC               0.426      0.051      8.310      0.000
    S5SC               0.428      0.062      6.849      0.000

Group PRESENCIAL

 SCC      BY
    S1CC               0.734      0.033     22.573      0.000
    S2CC               0.844      0.026     32.935      0.000
    S3CC               0.846      0.024     34.863      0.000
    S4CC               0.633      0.040     15.969      0.000
    S5CC               0.722      0.037     19.398      0.000

 SSC      BY
    S1SC               0.777      0.029     27.192      0.000
    S2SC               0.833      0.031     27.096      0.000
    S3SC               0.871      0.024     36.682      0.000
    S4SC               0.588      0.039     15.003      0.000
    S5SC               0.759      0.030     25.013      0.000

 SCC      WITH
    SSC               -0.440      0.078     -5.669      0.000

 S1CC     WITH
    S1SC              -0.123      0.100     -1.232      0.218

 S2CC     WITH
    S2SC               0.079      0.138      0.569      0.569

 S3CC     WITH
    S3SC               0.273      0.107      2.554      0.011

 S4CC     WITH
    S4SC               0.309      0.074      4.151      0.000

 S5CC     WITH
    S5SC              -0.073      0.092     -0.799      0.424

 Means
    SCC               -0.223      0.087     -2.568      0.010
    SSC                0.471      0.101      4.653      0.000

 Intercepts
    S1CC               3.212      0.125     25.771      0.000
    S1SC               2.199      0.088     24.939      0.000
    S2CC               3.204      0.133     24.104      0.000
    S2SC               2.428      0.106     22.878      0.000
    S3CC               3.619      0.159     22.744      0.000
    S3SC               2.432      0.108     22.540      0.000
    S4CC               3.162      0.128     24.666      0.000
    S4SC               2.473      0.113     21.904      0.000
    S5CC               3.169      0.125     25.263      0.000
    S5SC               2.259      0.092     24.434      0.000

 Variances
    SCC                1.000      0.000    999.000    999.000
    SSC                1.000      0.000    999.000    999.000

 Residual Variances
    S1CC               0.461      0.048      9.636      0.000
    S1SC               0.397      0.044      8.949      0.000
    S2CC               0.287      0.043      6.637      0.000
    S2SC               0.306      0.051      5.978      0.000
    S3CC               0.284      0.041      6.899      0.000
    S3SC               0.241      0.041      5.810      0.000
    S4CC               0.599      0.050     11.938      0.000
    S4SC               0.654      0.046     14.162      0.000
    S5CC               0.478      0.054      8.895      0.000
    S5SC               0.424      0.046      9.194      0.000


STDY Standardization

                                                    Two-Tailed
                    Estimate       S.E.  Est./S.E.    P-Value

Group ONLINE

 SCC      BY
    S1CC               0.816      0.031     26.373      0.000
    S2CC               0.911      0.023     40.411      0.000
    S3CC               0.898      0.025     36.350      0.000
    S4CC               0.561      0.045     12.460      0.000
    S5CC               0.757      0.034     22.348      0.000

 SSC      BY
    S1SC               0.849      0.025     33.474      0.000
    S2SC               0.912      0.018     50.009      0.000
    S3SC               0.913      0.020     46.703      0.000
    S4SC               0.632      0.043     14.700      0.000
    S5SC               0.756      0.041     18.307      0.000

 SCC      WITH
    SSC               -0.217      0.095     -2.287      0.022

 S1CC     WITH
    S1SC               0.004      0.109      0.038      0.970

 S2CC     WITH
    S2SC               0.030      0.149      0.199      0.842

 S3CC     WITH
    S3SC               0.349      0.118      2.953      0.003

 S4CC     WITH
    S4SC               0.487      0.094      5.190      0.000

 S5CC     WITH
    S5SC               0.141      0.102      1.392      0.164

 Means
    SCC                0.000      0.000    999.000    999.000
    SSC                0.000      0.000    999.000    999.000

 Intercepts
    S1CC               4.241      0.246     17.240      0.000
    S1SC               2.513      0.134     18.736      0.000
    S2CC               4.112      0.260     15.799      0.000
    S2SC               2.779      0.163     17.078      0.000
    S3CC               4.566      0.290     15.727      0.000
    S3SC               2.664      0.150     17.755      0.000
    S4CC               3.328      0.201     16.557      0.000
    S4SC               2.777      0.181     15.381      0.000
    S5CC               3.949      0.226     17.459      0.000
    S5SC               2.354      0.143     16.414      0.000

 Variances
    SCC                1.000      0.000    999.000    999.000
    SSC                1.000      0.000    999.000    999.000

 Residual Variances
    S1CC               0.334      0.050      6.622      0.000
    S1SC               0.280      0.043      6.498      0.000
    S2CC               0.169      0.041      4.114      0.000
    S2SC               0.169      0.033      5.083      0.000
    S3CC               0.193      0.044      4.339      0.000
    S3SC               0.167      0.036      4.666      0.000
    S4CC               0.686      0.050     13.590      0.000
    S4SC               0.601      0.054     11.067      0.000
    S5CC               0.426      0.051      8.310      0.000
    S5SC               0.428      0.062      6.849      0.000

Group PRESENCIAL

 SCC      BY
    S1CC               0.734      0.033     22.573      0.000
    S2CC               0.844      0.026     32.935      0.000
    S3CC               0.846      0.024     34.863      0.000
    S4CC               0.633      0.040     15.969      0.000
    S5CC               0.722      0.037     19.398      0.000

 SSC      BY
    S1SC               0.777      0.029     27.192      0.000
    S2SC               0.833      0.031     27.096      0.000
    S3SC               0.871      0.024     36.682      0.000
    S4SC               0.588      0.039     15.003      0.000
    S5SC               0.759      0.030     25.013      0.000

 SCC      WITH
    SSC               -0.440      0.078     -5.669      0.000

 S1CC     WITH
    S1SC              -0.123      0.100     -1.232      0.218

 S2CC     WITH
    S2SC               0.079      0.138      0.569      0.569

 S3CC     WITH
    S3SC               0.273      0.107      2.554      0.011

 S4CC     WITH
    S4SC               0.309      0.074      4.151      0.000

 S5CC     WITH
    S5SC              -0.073      0.092     -0.799      0.424

 Means
    SCC               -0.223      0.087     -2.568      0.010
    SSC                0.471      0.101      4.653      0.000

 Intercepts
    S1CC               3.212      0.125     25.771      0.000
    S1SC               2.199      0.088     24.939      0.000
    S2CC               3.204      0.133     24.104      0.000
    S2SC               2.428      0.106     22.878      0.000
    S3CC               3.619      0.159     22.744      0.000
    S3SC               2.432      0.108     22.540      0.000
    S4CC               3.162      0.128     24.666      0.000
    S4SC               2.473      0.113     21.904      0.000
    S5CC               3.169      0.125     25.263      0.000
    S5SC               2.259      0.092     24.434      0.000

 Variances
    SCC                1.000      0.000    999.000    999.000
    SSC                1.000      0.000    999.000    999.000

 Residual Variances
    S1CC               0.461      0.048      9.636      0.000
    S1SC               0.397      0.044      8.949      0.000
    S2CC               0.287      0.043      6.637      0.000
    S2SC               0.306      0.051      5.978      0.000
    S3CC               0.284      0.041      6.899      0.000
    S3SC               0.241      0.041      5.810      0.000
    S4CC               0.599      0.050     11.938      0.000
    S4SC               0.654      0.046     14.162      0.000
    S5CC               0.478      0.054      8.895      0.000
    S5SC               0.424      0.046      9.194      0.000


STD Standardization

                                                    Two-Tailed
                    Estimate       S.E.  Est./S.E.    P-Value

Group ONLINE

 SCC      BY
    S1CC               0.730      0.049     14.967      0.000
    S2CC               0.827      0.055     14.904      0.000
    S3CC               0.769      0.056     13.654      0.000
    S4CC               0.562      0.048     11.784      0.000
    S5CC               0.733      0.053     13.764      0.000

 SSC      BY
    S1SC               0.883      0.055     16.146      0.000
    S2SC               0.936      0.056     16.634      0.000
    S3SC               0.979      0.055     17.829      0.000
    S4SC               0.611      0.055     11.191      0.000
    S5SC               0.872      0.055     15.852      0.000

 SCC      WITH
    SSC               -0.217      0.095     -2.287      0.022

 S1CC     WITH
    S1SC               0.001      0.031      0.038      0.970

 S2CC     WITH
    S2SC               0.005      0.023      0.200      0.842

 S3CC     WITH
    S3SC               0.057      0.023      2.515      0.012

 S4CC     WITH
    S4SC               0.303      0.090      3.366      0.001

 S5CC     WITH
    S5SC               0.067      0.050      1.355      0.175

 Means
    SCC                0.000      0.000    999.000    999.000
    SSC                0.000      0.000    999.000    999.000

 Intercepts
    S1CC               3.793      0.063     59.861      0.000
    S1SC               2.614      0.074     35.481      0.000
    S2CC               3.729      0.067     56.034      0.000
    S2SC               2.853      0.077     37.276      0.000
    S3CC               3.908      0.064     61.119      0.000
    S3SC               2.856      0.080     35.487      0.000
    S4CC               3.333      0.057     58.118      0.000
    S4SC               2.687      0.059     45.755      0.000
    S5CC               3.820      0.065     59.062      0.000
    S5SC               2.715      0.073     36.949      0.000

 Variances
    SCC                1.000      0.000    999.000    999.000
    SSC                1.000      0.000    999.000    999.000

 Residual Variances
    S1CC               0.267      0.045      5.905      0.000
    S1SC               0.302      0.044      6.824      0.000
    S2CC               0.139      0.032      4.327      0.000
    S2SC               0.178      0.030      5.909      0.000
    S3CC               0.141      0.028      5.032      0.000
    S3SC               0.191      0.040      4.826      0.000
    S4CC               0.688      0.103      6.688      0.000
    S4SC               0.563      0.083      6.797      0.000
    S5CC               0.399      0.056      7.147      0.000
    S5SC               0.569      0.122      4.657      0.000

Group PRESENCIAL

 SCC      BY
    S1CC               0.867      0.056     15.596      0.000
    S2CC               0.983      0.051     19.329      0.000
    S3CC               0.914      0.049     18.814      0.000
    S4CC               0.667      0.054     12.406      0.000
    S5CC               0.871      0.062     14.155      0.000

 SSC      BY
    S1SC               0.923      0.046     19.946      0.000
    S2SC               0.979      0.048     20.289      0.000
    S3SC               1.024      0.045     22.903      0.000
    S4SC               0.639      0.052     12.399      0.000
    S5SC               0.912      0.053     17.203      0.000

 SCC      WITH
    SSC               -0.440      0.078     -5.669      0.000

 S1CC     WITH
    S1SC              -0.074      0.061     -1.213      0.225

 S2CC     WITH
    S2SC               0.032      0.057      0.566      0.572

 S3CC     WITH
    S3SC               0.091      0.036      2.532      0.011

 S4CC     WITH
    S4SC               0.222      0.065      3.403      0.001

 S5CC     WITH
    S5SC              -0.048      0.061     -0.787      0.431

 Means
    SCC               -0.223      0.087     -2.568      0.010
    SSC                0.471      0.101      4.653      0.000

 Intercepts
    S1CC               3.793      0.063     59.861      0.000
    S1SC               2.614      0.074     35.481      0.000
    S2CC               3.729      0.067     56.034      0.000
    S2SC               2.853      0.077     37.276      0.000
    S3CC               3.908      0.064     61.119      0.000
    S3SC               2.856      0.080     35.487      0.000
    S4CC               3.333      0.057     58.118      0.000
    S4SC               2.687      0.059     45.755      0.000
    S5CC               3.820      0.065     59.062      0.000
    S5SC               2.715      0.073     36.949      0.000

 Variances
    SCC                1.000      0.000    999.000    999.000
    SSC                1.000      0.000    999.000    999.000

 Residual Variances
    S1CC               0.642      0.069      9.332      0.000
    S1SC               0.561      0.070      8.034      0.000
    S2CC               0.389      0.060      6.463      0.000
    S2SC               0.423      0.077      5.495      0.000
    S3CC               0.331      0.050      6.680      0.000
    S3SC               0.332      0.060      5.514      0.000
    S4CC               0.666      0.064     10.429      0.000
    S4SC               0.772      0.072     10.783      0.000
    S5CC               0.695      0.079      8.767      0.000
    S5SC               0.612      0.062      9.825      0.000


R-SQUARE

Group ONLINE

    Observed                                        Two-Tailed
    Variable        Estimate       S.E.  Est./S.E.    P-Value

    S1CC               0.666      0.050     13.187      0.000
    S1SC               0.720      0.043     16.737      0.000
    S2CC               0.831      0.041     20.206      0.000
    S2SC               0.831      0.033     25.005      0.000
    S3CC               0.807      0.044     18.175      0.000
    S3SC               0.833      0.036     23.352      0.000
    S4CC               0.314      0.050      6.230      0.000
    S4SC               0.399      0.054      7.350      0.000
    S5CC               0.574      0.051     11.174      0.000
    S5SC               0.572      0.062      9.153      0.000

Group PRESENCIAL

    Observed                                        Two-Tailed
    Variable        Estimate       S.E.  Est./S.E.    P-Value

    S1CC               0.539      0.048     11.287      0.000
    S1SC               0.603      0.044     13.596      0.000
    S2CC               0.713      0.043     16.467      0.000
    S2SC               0.694      0.051     13.548      0.000
    S3CC               0.716      0.041     17.432      0.000
    S3SC               0.759      0.041     18.341      0.000
    S4CC               0.401      0.050      7.984      0.000
    S4SC               0.346      0.046      7.501      0.000
    S5CC               0.522      0.054      9.699      0.000
    S5SC               0.576      0.046     12.506      0.000


RESIDUAL OUTPUT


     ESTIMATED MODEL AND RESIDUALS (OBSERVED - ESTIMATED) FOR ONLINE


           Model Estimated Means
              S1CC          S1SC          S2CC          S2SC          S3CC
              ________      ________      ________      ________      ________
                3.793         2.614         3.729         2.853         3.908


           Model Estimated Means
              S3SC          S4CC          S4SC          S5CC          S5SC
              ________      ________      ________      ________      ________
                2.856         3.333         2.687         3.820         2.715


           Residuals for Means
              S1CC          S1SC          S2CC          S2SC          S3CC
              ________      ________      ________      ________      ________
                0.069         0.070        -0.017         0.015        -0.040


           Residuals for Means
              S3SC          S4CC          S4SC          S5CC          S5SC
              ________      ________      ________      ________      ________
               -0.046         0.000        -0.021         0.030        -0.049


           Standardized Residuals (z-scores) for Means
              S1CC          S1SC          S2CC          S2SC          S3CC
              ________      ________      ________      ________      ________
                5.292         2.058        -0.942         0.794        -1.866


           Standardized Residuals (z-scores) for Means
              S3SC          S4CC          S4SC          S5CC          S5SC
              ________      ________      ________      ________      ________
               -2.724         0.000        -0.602         1.199        -1.756


           Normalized Residuals for Means
              S1CC          S1SC          S2CC          S2SC          S3CC
              ________      ________      ________      ________      ________
                1.064         0.866        -0.243         0.189        -0.598


           Normalized Residuals for Means
              S3SC          S4CC          S4SC          S5CC          S5SC
              ________      ________      ________      ________      ________
               -0.558         0.000        -0.305         0.437        -0.619


           Model Estimated Covariances
              S1CC          S1SC          S2CC          S2SC          S3CC
              ________      ________      ________      ________      ________
 S1CC           0.800
 S1SC          -0.139         1.081
 S2CC           0.603        -0.159         0.822
 S2SC          -0.148         0.826        -0.163         1.054
 S3CC           0.561        -0.148         0.636        -0.156         0.733
 S3SC          -0.155         0.864        -0.176         0.916        -0.106
 S4CC           0.410        -0.108         0.464        -0.114         0.432
 S4SC          -0.097         0.540        -0.110         0.572        -0.102
 S5CC           0.535        -0.141         0.606        -0.149         0.563
 S5SC          -0.138         0.770        -0.157         0.816        -0.146


           Model Estimated Covariances
              S3SC          S4CC          S4SC          S5CC          S5SC
              ________      ________      ________      ________      ________
 S3SC           1.149
 S4CC          -0.119         1.003
 S4SC           0.598         0.228         0.937
 S5CC          -0.156         0.411        -0.097         0.936
 S5SC           0.854        -0.106         0.533        -0.072         1.330


           Model Estimated Correlations
              S1CC          S1SC          S2CC          S2SC          S3CC
              ________      ________      ________      ________      ________
 S1CC           1.000
 S1SC          -0.149         1.000
 S2CC           0.744        -0.168         1.000
 S2SC          -0.162         0.774        -0.176         1.000
 S3CC           0.733        -0.166         0.819        -0.178         1.000
 S3SC          -0.162         0.775        -0.181         0.832        -0.116
 S4CC           0.457        -0.103         0.511        -0.111         0.504
 S4SC          -0.112         0.536        -0.125         0.576        -0.123
 S5CC           0.618        -0.140         0.690        -0.150         0.680
 S5SC          -0.134         0.642        -0.150         0.689        -0.148


           Model Estimated Correlations
              S3SC          S4CC          S4SC          S5CC          S5SC
              ________      ________      ________      ________      ________
 S3SC           1.000
 S4CC          -0.111         1.000
 S4SC           0.577         0.236         1.000
 S5CC          -0.150         0.425        -0.104         1.000
 S5SC           0.690        -0.092         0.478        -0.064         1.000


           Model Estimated Partial Correlations
              S1CC          S1SC          S2CC          S2SC          S3CC
              ________      ________      ________      ________      ________
 S1CC           1.000
 S1SC           0.029         1.000
 S2CC           0.287         0.036         1.000
 S2SC           0.030         0.287         0.086         1.000
 S3CC           0.269        -0.067         0.486        -0.114         1.000
 S3SC          -0.058         0.308        -0.116         0.470         0.256
 S4CC           0.077        -0.037         0.140        -0.060         0.158
 S4SC          -0.027         0.098        -0.053         0.150        -0.105
 S5CC           0.127         0.001         0.229        -0.004         0.224
 S5SC          -0.001         0.129        -0.007         0.197        -0.076


           Model Estimated Partial Correlations
              S3SC          S4CC          S4SC          S5CC          S5SC
              ________      ________      ________      ________      ________
 S3SC           1.000
 S4CC          -0.112         1.000
 S4SC           0.183         0.474         1.000
 S5CC          -0.076         0.066        -0.032         1.000
 S5SC           0.221        -0.035         0.071         0.142         1.000


           Residuals for Covariances
              S1CC          S1SC          S2CC          S2SC          S3CC
              ________      ________      ________      ________      ________
 S1CC          -0.072
 S1SC           0.015         0.066
 S2CC          -0.045         0.062         0.003
 S2SC           0.033         0.058         0.068         0.027
 S3CC          -0.011         0.037         0.056         0.064         0.060
 S3SC           0.008         0.065         0.024         0.042         0.001
 S4CC          -0.094        -0.201        -0.064        -0.146        -0.066
 S4SC          -0.024        -0.082         0.014        -0.105        -0.034
 S5CC          -0.038        -0.108        -0.091        -0.066        -0.043
 S5SC          -0.063        -0.122        -0.054        -0.136        -0.117


           Residuals for Covariances
              S3SC          S4CC          S4SC          S5CC          S5SC
              ________      ________      ________      ________      ________
 S3SC           0.027
 S4CC          -0.208        -0.057
 S4SC          -0.127        -0.106        -0.128
 S5CC          -0.120         0.138         0.117        -0.096
 S5SC          -0.170        -0.133        -0.081        -0.156        -0.258


           Residuals for Correlations
              S1CC          S1SC          S2CC          S2SC          S3CC
              ________      ________      ________      ________      ________
 S1CC           0.000
 S1SC           0.014         0.000
 S2CC          -0.024         0.069         0.000
 S2SC           0.031         0.020         0.075         0.000
 S3CC          -0.008         0.050         0.036         0.078         0.000
 S3SC           0.003         0.024         0.026         0.017         0.006
 S4CC          -0.077        -0.193        -0.058        -0.147        -0.081
 S4SC          -0.045        -0.061         0.008        -0.076        -0.047
 S5CC           0.017        -0.113        -0.072        -0.076        -0.043
 S5SC          -0.093        -0.058        -0.074        -0.058        -0.137


           Residuals for Correlations
              S3SC          S4CC          S4SC          S5CC          S5SC
              ________      ________      ________      ________      ________
 S3SC           0.000
 S4CC          -0.199         0.000
 S4SC          -0.094        -0.096         0.000
 S5CC          -0.127         0.192         0.127         0.000
 S5SC          -0.082        -0.145         0.008        -0.176         0.000


           Residuals for Partial Correlations
              S1CC          S1SC          S2CC          S2SC          S3CC
              ________      ________      ________      ________      ________
 S1CC           0.000
 S1SC          -0.011         0.000
 S2CC          -0.045         0.084         0.000
 S2SC          -0.031         0.011        -0.033         0.000
 S3CC          -0.079         0.020         0.175         0.118         0.000
 S3SC           0.075         0.027        -0.063         0.047        -0.029
 S4CC          -0.117        -0.093        -0.014         0.042        -0.122
 S4SC          -0.090         0.050         0.061        -0.054        -0.071
 S5CC           0.177        -0.062        -0.224        -0.008         0.008
 S5SC           0.010        -0.056         0.084         0.001        -0.121


           Residuals for Partial Correlations
              S3SC          S4CC          S4SC          S5CC          S5SC
              ________      ________      ________      ________      ________
 S3SC           0.000
 S4CC           0.014         0.000
 S4SC          -0.040        -0.117         0.000
 S5CC          -0.036         0.261         0.239         0.000
 S5SC          -0.105        -0.027         0.108        -0.097         0.000


           Standardized Residuals (z-scores) for Covariances
              S1CC          S1SC          S2CC          S2SC          S3CC
              ________      ________      ________      ________      ________
 S1CC         999.000
 S1SC           0.501         1.557
 S2CC          -2.081         1.355         0.215
 S2SC           0.986         2.372         1.935         0.891
 S3CC          -0.315         0.750         9.966         1.426         1.620
 S3SC           0.242         1.736         0.897         2.516         0.019
 S4CC          -2.668        -2.865        -1.286        -2.079        -1.473
 S4SC          -0.662        -1.599         0.305        -1.897        -0.752
 S5CC          -3.198        -2.924        -7.888        -2.007        -1.434
 S5SC          -2.107        -3.012        -2.859        -4.600        -2.950


           Standardized Residuals (z-scores) for Covariances
              S3SC          S4CC          S4SC          S5CC          S5SC
              ________      ________      ________      ________      ________
 S3SC           0.808
 S4CC          -3.016       999.000
 S4SC          -2.460       999.000       999.000
 S5CC          -4.565         3.458         2.396       999.000
 S5SC          -5.318        -1.954        -1.497       999.000       999.000


           Normalized Residuals for Covariances
              S1CC          S1SC          S2CC          S2SC          S3CC
              ________      ________      ________      ________      ________
 S1CC          -0.921
 S1SC           0.193         0.628
 S2CC          -0.578         0.749         0.033
 S2SC           0.443         0.586         0.802         0.255
 S3CC          -0.131         0.455         0.648         0.785         0.676
 S3SC           0.109         0.624         0.291         0.403         0.008
 S4CC          -1.438        -2.343        -0.796        -1.668        -0.869
 S4SC          -0.420        -0.916         0.210        -1.116        -0.529
 S5CC          -0.554        -1.467        -1.196        -0.879        -0.533
 S5SC          -0.908        -1.265        -0.748        -1.435        -1.536


           Normalized Residuals for Covariances
              S3SC          S4CC          S4SC          S5CC          S5SC
              ________      ________      ________      ________      ________
 S3SC           0.247
 S4CC          -2.359        -0.527
 S4SC          -1.360        -1.064        -1.360
 S5CC          -1.582         1.994         1.758        -1.120
 S5SC          -1.735        -1.578        -0.899        -1.880        -2.339


     ESTIMATED MODEL AND RESIDUALS (OBSERVED - ESTIMATED) FOR PRESENCIAL


           Model Estimated Means
              S1CC          S1SC          S2CC          S2SC          S3CC
              ________      ________      ________      ________      ________
                3.600         3.048         3.510         3.314         3.704


           Model Estimated Means
              S3SC          S4CC          S4SC          S5CC          S5SC
              ________      ________      ________      ________      ________
                3.338         3.184         2.988         3.626         3.145


           Residuals for Means
              S1CC          S1SC          S2CC          S2SC          S3CC
              ________      ________      ________      ________      ________
               -0.081        -0.061         0.025        -0.018         0.048


           Residuals for Means
              S3SC          S4CC          S4SC          S5CC          S5SC
              ________      ________      ________      ________      ________
                0.043        -0.002         0.018        -0.038         0.035


           Standardized Residuals (z-scores) for Means
              S1CC          S1SC          S2CC          S2SC          S3CC
              ________      ________      ________      ________      ________
               -2.801        -2.657         1.223        -0.803         3.488


           Standardized Residuals (z-scores) for Means
              S3SC          S4CC          S4SC          S5CC          S5SC
              ________      ________      ________      ________      ________
                2.886        -0.071         0.589        -1.164         1.458


           Normalized Residuals for Means
              S1CC          S1SC          S2CC          S2SC          S3CC
              ________      ________      ________      ________      ________
               -1.194        -0.907         0.376        -0.273         0.802


           Normalized Residuals for Means
              S3SC          S4CC          S4SC          S5CC          S5SC
              ________      ________      ________      ________      ________
                0.648        -0.031         0.290        -0.542         0.493


           Model Estimated Covariances
              S1CC          S1SC          S2CC          S2SC          S3CC
              ________      ________      ________      ________      ________
 S1CC           1.395
 S1SC          -0.426         1.413
 S2CC           0.852        -0.399         1.355
 S2SC          -0.373         0.903        -0.391         1.380
 S3CC           0.793        -0.371         0.898        -0.393         1.166
 S3SC          -0.390         0.945        -0.442         1.002        -0.321
 S4CC           0.579        -0.271         0.656        -0.287         0.610
 S4SC          -0.244         0.590        -0.276         0.626        -0.257
 S5CC           0.755        -0.353         0.856        -0.375         0.796
 S5SC          -0.348         0.842        -0.394         0.893        -0.367


           Model Estimated Covariances
              S3SC          S4CC          S4SC          S5CC          S5SC
              ________      ________      ________      ________      ________
 S3SC           1.380
 S4CC          -0.300         1.112
 S4SC           0.655         0.034         1.181
 S5CC          -0.392         0.581        -0.245         1.454
 S5SC           0.934        -0.268         0.583        -0.397         1.444


           Model Estimated Correlations
              S1CC          S1SC          S2CC          S2SC          S3CC
              ________      ________      ________      ________      ________
 S1CC           1.000
 S1SC          -0.304         1.000
 S2CC           0.620        -0.288         1.000
 S2SC          -0.269         0.647        -0.286         1.000
 S3CC           0.622        -0.289         0.715        -0.310         1.000
 S3SC          -0.281         0.677        -0.323         0.726        -0.253
 S4CC           0.465        -0.216         0.534        -0.232         0.536
 S4SC          -0.190         0.457        -0.218         0.490        -0.219
 S5CC           0.530        -0.247         0.610        -0.264         0.611
 S5SC          -0.245         0.590        -0.282         0.632        -0.282


           Model Estimated Correlations
              S3SC          S4CC          S4SC          S5CC          S5SC
              ________      ________      ________      ________      ________
 S3SC           1.000
 S4CC          -0.242         1.000
 S4SC           0.513         0.030         1.000
 S5CC          -0.277         0.457        -0.187         1.000
 S5SC           0.662        -0.211         0.447        -0.274         1.000


           Model Estimated Partial Correlations
              S1CC          S1SC          S2CC          S2SC          S3CC
              ________      ________      ________      ________      ________
 S1CC           1.000
 S1SC          -0.097         1.000
 S2CC           0.225         0.021         1.000
 S2SC           0.018         0.219         0.067         1.000
 S3CC           0.233        -0.037         0.387        -0.114         1.000
 S3SC          -0.022         0.285        -0.120         0.377         0.176
 S4CC           0.106        -0.013         0.175        -0.047         0.198
 S4SC          -0.018         0.097        -0.057         0.131        -0.096
 S5CC           0.140         0.036         0.215         0.007         0.226
 S5SC           0.036         0.165         0.009         0.205        -0.045


           Model Estimated Partial Correlations
              S3SC          S4CC          S4SC          S5CC          S5SC
              ________      ________      ________      ________      ________
 S3SC           1.000
 S4CC          -0.097         1.000
 S4SC           0.184         0.292         1.000
 S5CC          -0.035         0.103        -0.022         1.000
 S5SC           0.268        -0.017         0.092        -0.057         1.000


           Residuals for Covariances
              S1CC          S1SC          S2CC          S2SC          S3CC
              ________      ________      ________      ________      ________
 S1CC           0.056
 S1SC          -0.137         0.008
 S2CC           0.046        -0.013         0.014
 S2SC          -0.063         0.019         0.066        -0.009
 S3CC          -0.051         0.028         0.030         0.133        -0.049
 S3SC          -0.059        -0.034         0.141         0.037         0.123
 S4CC           0.062        -0.029         0.042         0.076         0.017
 S4SC          -0.061         0.020         0.081        -0.002         0.089
 S5CC           0.201        -0.215        -0.003        -0.167         0.007
 S5SC          -0.339         0.125        -0.205        -0.002        -0.108


           Residuals for Covariances
              S3SC          S4CC          S4SC          S5CC          S5SC
              ________      ________      ________      ________      ________
 S3SC          -0.012
 S4CC           0.026         0.050
 S4SC           0.010         0.040         0.027
 S5CC          -0.071         0.085        -0.036         0.084
 S5SC           0.061        -0.035         0.161        -0.281         0.124


           Residuals for Correlations
              S1CC          S1SC          S2CC          S2SC          S3CC
              ________      ________      ________      ________      ________
 S1CC           0.000
 S1SC          -0.088         0.000
 S2CC           0.018        -0.007         0.000
 S2SC          -0.040         0.013         0.049         0.000
 S3CC          -0.039         0.017         0.036         0.100         0.000
 S3SC          -0.037        -0.024         0.103         0.032         0.093
 S4CC           0.029        -0.017         0.019         0.065         0.015
 S4SC          -0.041         0.009         0.067        -0.005         0.074
 S5CC           0.109        -0.138        -0.022        -0.109         0.001
 S5SC          -0.211         0.059        -0.127        -0.025        -0.076


           Residuals for Correlations
              S3SC          S4CC          S4SC          S5CC          S5SC
              ________      ________      ________      ________      ________
 S3SC           0.000
 S4CC           0.025         0.000
 S4SC           0.004         0.033         0.000
 S5CC          -0.042         0.041        -0.019         0.000
 S5SC           0.018        -0.013         0.094        -0.162         0.000


           Residuals for Partial Correlations
              S1CC          S1SC          S2CC          S2SC          S3CC
              ________      ________      ________      ________      ________
 S1CC           0.000
 S1SC           0.012         0.000
 S2CC           0.026         0.013         0.000
 S2SC           0.037         0.051        -0.065         0.000
 S3CC          -0.178         0.023         0.104         0.092         0.000
 S3SC           0.003        -0.140         0.157         0.120        -0.023
 S4CC           0.021        -0.045        -0.002         0.124         0.006
 S4SC          -0.037        -0.011         0.067        -0.056         0.018
 S5CC           0.170        -0.058        -0.161        -0.160         0.003
 S5SC          -0.126         0.076        -0.148        -0.180        -0.019


           Residuals for Partial Correlations
              S3SC          S4CC          S4SC          S5CC          S5SC
              ________      ________      ________      ________      ________
 S3SC           0.000
 S4CC          -0.114         0.000
 S4SC          -0.023        -0.018         0.000
 S5CC           0.077         0.040         0.032         0.000
 S5SC           0.056         0.116         0.127        -0.004         0.000


           Standardized Residuals (z-scores) for Covariances
              S1CC          S1SC          S2CC          S2SC          S3CC
              ________      ________      ________      ________      ________
 S1CC           1.776
 S1SC          -7.114       999.000
 S2CC           1.052        -0.309       999.000
 S2SC          -1.172         0.541       999.000       999.000
 S3CC          -1.300         0.940         3.204         3.984        -2.930
 S3SC          -1.579        -1.340         4.155         1.329       999.000
 S4CC           1.372        -0.542         1.058         1.329         0.435
 S4SC          -0.869         0.412         1.142        -0.035         1.440
 S5CC           4.343        -3.915        -0.093        -3.365         0.229
 S5SC          -6.853         4.303        -5.764        -0.065        -3.525


           Standardized Residuals (z-scores) for Covariances
              S3SC          S4CC          S4SC          S5CC          S5SC
              ________      ________      ________      ________      ________
 S3SC         999.000
 S4CC           0.477         1.706
 S4SC           0.208         1.012         0.929
 S5CC          -1.894         1.966        -0.474         3.313
 S5SC           1.922        -0.597         3.175        -7.023         4.316


           Normalized Residuals for Covariances
              S1CC          S1SC          S2CC          S2SC          S3CC
              ________      ________      ________      ________      ________
 S1CC           0.543
 S1SC          -1.373         0.095
 S2CC           0.463        -0.145         0.140
 S2SC          -0.683         0.209         0.682        -0.097
 S3CC          -0.550         0.356         0.338         1.610        -0.525
 S3SC          -0.678        -0.402         1.558         0.400         1.483
 S4CC           0.725        -0.370         0.494         0.924         0.209
 S4SC          -0.698         0.242         0.892        -0.021         1.093
 S5CC           1.957        -2.317        -0.034        -1.815         0.080
 S5SC          -3.742         1.463        -2.300        -0.027        -1.315


           Normalized Residuals for Covariances
              S3SC          S4CC          S4SC          S5CC          S5SC
              ________      ________      ________      ________      ________
 S3SC          -0.132
 S4CC           0.320         0.576
 S4SC           0.116         0.416         0.297
 S5CC          -0.802         0.975        -0.385         0.792
 S5SC           0.678        -0.423         1.868        -2.835         1.381


MODEL MODIFICATION INDICES

NOTE:  Modification indices for direct effects of observed dependent variables
regressed on covariates may not be included.  To include these, request
MODINDICES (ALL).

Minimum M.I. value for printing the modification index    10.000

                                   M.I.     E.P.C.  Std E.P.C.  StdYX E.P.C.
Group ONLINE


WITH Statements

S3CC     WITH S2CC                23.981     0.139      0.139        0.994
S5CC     WITH S4CC                11.174     0.138      0.138        0.264

Group PRESENCIAL


BY Statements

SCC      BY S5SC                  24.039    -0.348     -0.302       -0.251
SSC      BY S1CC                  11.758    -0.216     -0.200       -0.169
SSC      BY S3CC                  11.596     0.174      0.160        0.148
SSC      BY S5CC                  11.128    -0.221     -0.204       -0.169

WITH Statements

S3CC     WITH S1CC                11.274    -0.138     -0.138       -0.299
S3CC     WITH S2CC                10.579     0.139      0.139        0.388
S5CC     WITH S1CC                11.647     0.169      0.169        0.253



TECHNICAL 1 OUTPUT


     PARAMETER SPECIFICATION FOR ONLINE


           NU
              S1CC          S1SC          S2CC          S2SC          S3CC
              ________      ________      ________      ________      ________
                  1             2             3             4             5


           NU
              S3SC          S4CC          S4SC          S5CC          S5SC
              ________      ________      ________      ________      ________
                  6             7             8             9            10


           LAMBDA
              SCC           SSC
              ________      ________
 S1CC               0             0
 S1SC               0             0
 S2CC              11             0
 S2SC               0            12
 S3CC              13             0
 S3SC               0            14
 S4CC              15             0
 S4SC               0            16
 S5CC              17             0
 S5SC               0            18


           THETA
              S1CC          S1SC          S2CC          S2SC          S3CC
              ________      ________      ________      ________      ________
 S1CC              19
 S1SC              20            21
 S2CC               0             0            22
 S2SC               0             0            23            24
 S3CC               0             0             0             0            25
 S3SC               0             0             0             0            26
 S4CC               0             0             0             0             0
 S4SC               0             0             0             0             0
 S5CC               0             0             0             0             0
 S5SC               0             0             0             0             0


           THETA
              S3SC          S4CC          S4SC          S5CC          S5SC
              ________      ________      ________      ________      ________
 S3SC              27
 S4CC               0            28
 S4SC               0            29            30
 S5CC               0             0             0            31
 S5SC               0             0             0            32            33


           ALPHA
              SCC           SSC
              ________      ________
                  0             0


           BETA
              SCC           SSC
              ________      ________
 SCC                0             0
 SSC                0             0


           PSI
              SCC           SSC
              ________      ________
 SCC               34
 SSC               35            36


     PARAMETER SPECIFICATION FOR PRESENCIAL


           NU
              S1CC          S1SC          S2CC          S2SC          S3CC
              ________      ________      ________      ________      ________
                  1             2             3             4             5


           NU
              S3SC          S4CC          S4SC          S5CC          S5SC
              ________      ________      ________      ________      ________
                  6             7             8             9            10


           LAMBDA
              SCC           SSC
              ________      ________
 S1CC               0             0
 S1SC               0             0
 S2CC              11             0
 S2SC               0            12
 S3CC              13             0
 S3SC               0            14
 S4CC              15             0
 S4SC               0            16
 S5CC              17             0
 S5SC               0            18


           THETA
              S1CC          S1SC          S2CC          S2SC          S3CC
              ________      ________      ________      ________      ________
 S1CC              37
 S1SC              38            39
 S2CC               0             0            40
 S2SC               0             0            41            42
 S3CC               0             0             0             0            43
 S3SC               0             0             0             0            44
 S4CC               0             0             0             0             0
 S4SC               0             0             0             0             0
 S5CC               0             0             0             0             0
 S5SC               0             0             0             0             0


           THETA
              S3SC          S4CC          S4SC          S5CC          S5SC
              ________      ________      ________      ________      ________
 S3SC              45
 S4CC               0            46
 S4SC               0            47            48
 S5CC               0             0             0            49
 S5SC               0             0             0            50            51


           ALPHA
              SCC           SSC
              ________      ________
                 52            53


           BETA
              SCC           SSC
              ________      ________
 SCC                0             0
 SSC                0             0


           PSI
              SCC           SSC
              ________      ________
 SCC               54
 SSC               55            56


     STARTING VALUES FOR ONLINE


           NU
              S1CC          S1SC          S2CC          S2SC          S3CC
              ________      ________      ________      ________      ________
                3.862         2.684         3.713         2.868         3.868


           NU
              S3SC          S4CC          S4SC          S5CC          S5SC
              ________      ________      ________      ________      ________
                2.810         3.333         2.667         3.851         2.667


           LAMBDA
              SCC           SSC
              ________      ________
 S1CC           1.000         0.000
 S1SC           0.000         1.000
 S2CC           1.179         0.000
 S2SC           0.000         1.033
 S3CC           1.170         0.000
 S3SC           0.000         1.078
 S4CC           0.803         0.000
 S4SC           0.000         0.531
 S5CC           0.962         0.000
 S5SC           0.000         0.764


           THETA
              S1CC          S1SC          S2CC          S2SC          S3CC
              ________      ________      ________      ________      ________
 S1CC           0.364
 S1SC           0.000         0.574
 S2CC           0.000         0.000         0.413
 S2SC           0.000         0.000         0.000         0.540
 S3CC           0.000         0.000         0.000         0.000         0.396
 S3SC           0.000         0.000         0.000         0.000         0.000
 S4CC           0.000         0.000         0.000         0.000         0.000
 S4SC           0.000         0.000         0.000         0.000         0.000
 S5CC           0.000         0.000         0.000         0.000         0.000
 S5SC           0.000         0.000         0.000         0.000         0.000


           THETA
              S3SC          S4CC          S4SC          S5CC          S5SC
              ________      ________      ________      ________      ________
 S3SC           0.588
 S4CC           0.000         0.473
 S4SC           0.000         0.000         0.404
 S5CC           0.000         0.000         0.000         0.420
 S5SC           0.000         0.000         0.000         0.000         0.536


           ALPHA
              SCC           SSC
              ________      ________
                0.000         0.000


           BETA
              SCC           SSC
              ________      ________
 SCC            0.000         0.000
 SSC            0.000         0.000


           PSI
              SCC           SSC
              ________      ________
 SCC            0.050
 SSC            0.000         0.050


     STARTING VALUES FOR PRESENCIAL


           NU
              S1CC          S1SC          S2CC          S2SC          S3CC
              ________      ________      ________      ________      ________
                3.862         2.684         3.713         2.868         3.868


           NU
              S3SC          S4CC          S4SC          S5CC          S5SC
              ________      ________      ________      ________      ________
                2.810         3.333         2.667         3.851         2.667


           LAMBDA
              SCC           SSC
              ________      ________
 S1CC           1.000         0.000
 S1SC           0.000         1.000
 S2CC           1.029         0.000
 S2SC           0.000         1.033
 S3CC           0.939         0.000
 S3SC           0.000         1.081
 S4CC           0.746         0.000
 S4SC           0.000         0.724
 S5CC           0.997         0.000
 S5SC           0.000         1.048


           THETA
              S1CC          S1SC          S2CC          S2SC          S3CC
              ________      ________      ________      ________      ________
 S1CC           0.364
 S1SC           0.000         0.574
 S2CC           0.000         0.000         0.413
 S2SC           0.000         0.000         0.000         0.540
 S3CC           0.000         0.000         0.000         0.000         0.396
 S3SC           0.000         0.000         0.000         0.000         0.000
 S4CC           0.000         0.000         0.000         0.000         0.000
 S4SC           0.000         0.000         0.000         0.000         0.000
 S5CC           0.000         0.000         0.000         0.000         0.000
 S5SC           0.000         0.000         0.000         0.000         0.000


           THETA
              S3SC          S4CC          S4SC          S5CC          S5SC
              ________      ________      ________      ________      ________
 S3SC           0.588
 S4CC           0.000         0.473
 S4SC           0.000         0.000         0.404
 S5CC           0.000         0.000         0.000         0.420
 S5SC           0.000         0.000         0.000         0.000         0.536


           ALPHA
              SCC           SSC
              ________      ________
                0.000         0.000


           BETA
              SCC           SSC
              ________      ________
 SCC            0.000         0.000
 SSC            0.000         0.000


           PSI
              SCC           SSC
              ________      ________
 SCC            0.050
 SSC            0.000         0.050


TECHNICAL 4 OUTPUT


     ESTIMATES DERIVED FROM THE MODEL FOR ONLINE


           ESTIMATED MEANS FOR THE LATENT VARIABLES
              SCC           SSC
              ________      ________
                0.000         0.000


           S.E. FOR ESTIMATED MEANS FOR THE LATENT VARIABLES
              SCC           SSC
              ________      ________
                0.000         0.000


           EST./S.E. FOR ESTIMATED MEANS FOR THE LATENT VARIABLES
              SCC           SSC
              ________      ________
                0.000         0.000


           TWO-TAILED P-VALUE FOR ESTIMATED MEANS FOR THE LATENT VARIABLES
              SCC           SSC
              ________      ________
                1.000         1.000


           ESTIMATED COVARIANCE MATRIX FOR THE LATENT VARIABLES
              SCC           SSC
              ________      ________
 SCC            0.533
 SSC           -0.140         0.779


           S.E. FOR ESTIMATED COVARIANCE MATRIX FOR THE LATENT VARIABLES
              SCC           SSC
              ________      ________
 SCC            0.071
 SSC            0.062         0.096


           EST./S.E. FOR ESTIMATED COVARIANCE MATRIX FOR THE LATENT VARIABLES
              SCC           SSC
              ________      ________
 SCC            7.483
 SSC           -2.265         8.073


           TWO-TAILED P-VALUE FOR ESTIMATED COVARIANCE MATRIX FOR THE LATENT VARIABLES
              SCC           SSC
              ________      ________
 SCC            0.000
 SSC            0.024         0.000


           ESTIMATED CORRELATION MATRIX FOR THE LATENT VARIABLES
              SCC           SSC
              ________      ________
 SCC            1.000
 SSC           -0.217         1.000


           S.E. FOR ESTIMATED CORRELATION MATRIX FOR THE LATENT VARIABLES
              SCC           SSC
              ________      ________
 SCC            0.000
 SSC            0.095         0.000


           EST./S.E. FOR ESTIMATED CORRELATION MATRIX FOR THE LATENT VARIABLES
              SCC           SSC
              ________      ________
 SCC          999.000
 SSC           -2.287       999.000


           TWO-TAILED P-VALUE FOR ESTIMATED CORRELATION MATRIX FOR THE LATENT VARIABLES
              SCC           SSC
              ________      ________
 SCC            0.000
 SSC            0.022         0.000


           ESTIMATED PARTIAL CORRELATION MATRIX FOR THE LATENT VARIABLES
              SCC           SSC
              ________      ________
 SCC            1.000
 SSC           -0.217         1.000


     ESTIMATES DERIVED FROM THE MODEL FOR PRESENCIAL


           ESTIMATED MEANS FOR THE LATENT VARIABLES
              SCC           SSC
              ________      ________
               -0.194         0.434


           S.E. FOR ESTIMATED MEANS FOR THE LATENT VARIABLES
              SCC           SSC
              ________      ________
                0.080         0.087


           EST./S.E. FOR ESTIMATED MEANS FOR THE LATENT VARIABLES
              SCC           SSC
              ________      ________
               -2.425         4.982


           TWO-TAILED P-VALUE FOR ESTIMATED MEANS FOR THE LATENT VARIABLES
              SCC           SSC
              ________      ________
                0.015         0.000


           ESTIMATED COVARIANCE MATRIX FOR THE LATENT VARIABLES
              SCC           SSC
              ________      ________
 SCC            0.752
 SSC           -0.352         0.852


           S.E. FOR ESTIMATED COVARIANCE MATRIX FOR THE LATENT VARIABLES
              SCC           SSC
              ________      ________
 SCC            0.096
 SSC            0.074         0.085


           EST./S.E. FOR ESTIMATED COVARIANCE MATRIX FOR THE LATENT VARIABLES
              SCC           SSC
              ________      ________
 SCC            7.798
 SSC           -4.785         9.973


           TWO-TAILED P-VALUE FOR ESTIMATED COVARIANCE MATRIX FOR THE LATENT VARIABLES
              SCC           SSC
              ________      ________
 SCC            0.000
 SSC            0.000         0.000


           ESTIMATED CORRELATION MATRIX FOR THE LATENT VARIABLES
              SCC           SSC
              ________      ________
 SCC            1.000
 SSC           -0.440         1.000


           S.E. FOR ESTIMATED CORRELATION MATRIX FOR THE LATENT VARIABLES
              SCC           SSC
              ________      ________
 SCC            0.000
 SSC            0.078         0.000


           EST./S.E. FOR ESTIMATED CORRELATION MATRIX FOR THE LATENT VARIABLES
              SCC           SSC
              ________      ________
 SCC          999.000
 SSC           -5.669       999.000


           TWO-TAILED P-VALUE FOR ESTIMATED CORRELATION MATRIX FOR THE LATENT VARIABLES
              SCC           SSC
              ________      ________
 SCC            0.000
 SSC            0.000         0.000


           ESTIMATED PARTIAL CORRELATION MATRIX FOR THE LATENT VARIABLES
              SCC           SSC
              ________      ________
 SCC            1.000
 SSC           -0.440         1.000


DIAGRAM INFORMATION

  Use View Diagram under the Diagram menu in the Mplus Editor to view the diagram.
  If running Mplus from the Mplus Diagrammer, the diagram opens automatically.

  Diagram output
    c:\users\mm\onedrive - upv\dat_dropbox\investigaciÓn\cit_2025\travelwell\mplus_validation_rerun_package\mplus_valida

     Beginning Time:  08:21:23
        Ending Time:  08:21:23
       Elapsed Time:  00:00:00



MUTHEN & MUTHEN
3463 Stoner Ave.
Los Angeles, CA  90066

Tel: (310) 391-9971
Fax: (310) 391-8971
Web: www.StatModel.com
Support: Support@StatModel.com

Copyright (c) 1998-2026 Muthen & Muthen
