Mplus VERSION 9.1
MUTHEN & MUTHEN
08/17/2026   8:21 AM

INPUT INSTRUCTIONS

  TITLE: SWLS Comercios - CFA Presencial;

  DATA:
  FILE = ../data/datos_com_terr_legacy_order.txt;

  VARIABLE:
  NAMES =
  id MODO online
  ap1cc ap1sc an1cc an1sc
  ap2cc ap2sc an2cc an2sc
  ap3cc ap3sc an3cc an3sc
  ap4cc ap4sc an4cc an4sc
  ap5cc ap5sc an5cc an5sc
  S1cc S1sc S2cc S2sc S3cc
  S3sc S4cc S4sc S5cc S5sc
  ap1ct ap1st an1ct an1st
  ap2ct ap2st an2ct an2st
  ap3ct ap3st an3ct an3st
  ap4ct ap4st an4ct an4st
  ap5ct ap5st an5ct an5st
  S1ct S1st S2ct S2st S3ct
  S3st S4ct S4st S5ct S5st
  V1 V2 V3 V4 V5 V6 V7 V8 V9
  V10 V11 V12 V13 V14 V15 V16
  V17 V18 V19;

  USEVARIABLES =
  S1cc S1sc S2cc S2sc S3cc
  S3sc S4cc S4sc S5cc S5sc;

  USEOBSERVATIONS = online EQ 2;

  MISSING = ALL (-999);

  ANALYSIS:
  ESTIMATOR = MLR;

  MODEL:

  Scc BY S1cc S2cc S3cc S4cc S5cc;
  Ssc BY S1sc S2sc S3sc S4sc S5sc;

  Scc WITH Ssc;

  S1cc WITH S1sc;
  S2cc WITH S2sc;
  S3cc WITH S3sc;
  S4cc WITH S4sc;
  S5cc WITH S5sc;

  OUTPUT:
  STANDARDIZED;
  MODINDICES(10);
  SAMPSTAT;
  RESIDUAL;
  TECH1;
  TECH4;



INPUT READING TERMINATED NORMALLY



SWLS Comercios - CFA Presencial;

SUMMARY OF ANALYSIS

Number of groups                                                 1
Number of observations                                         318

Number of dependent variables                                   10
Number of independent variables                                  0
Number of continuous latent variables                            2

Observed dependent variables

  Continuous
   S1CC        S1SC        S2CC        S2SC        S3CC        S3SC
   S4CC        S4SC        S5CC        S5SC

Continuous latent variables
   SCC         SSC


Estimator                                                      MLR
Information matrix                                        OBSERVED
Maximum number of iterations                                  1000
Convergence criterion                                    0.500D-04
Maximum number of steepest descent iterations                   20
Maximum number of iterations for H1                           2000
Convergence criterion for H1                             0.100D-03

Input data file(s)
  ../data/datos_com_terr_legacy_order.txt

Input data format  FREE


SUMMARY OF DATA

     Number of missing data patterns             1


COVARIANCE COVERAGE OF DATA

Minimum covariance coverage value   0.100


     PROPORTION OF DATA PRESENT


           Covariance Coverage
              S1CC          S1SC          S2CC          S2SC          S3CC
              ________      ________      ________      ________      ________
 S1CC           1.000
 S1SC           1.000         1.000
 S2CC           1.000         1.000         1.000
 S2SC           1.000         1.000         1.000         1.000
 S3CC           1.000         1.000         1.000         1.000         1.000
 S3SC           1.000         1.000         1.000         1.000         1.000
 S4CC           1.000         1.000         1.000         1.000         1.000
 S4SC           1.000         1.000         1.000         1.000         1.000
 S5CC           1.000         1.000         1.000         1.000         1.000
 S5SC           1.000         1.000         1.000         1.000         1.000


           Covariance Coverage
              S3SC          S4CC          S4SC          S5CC          S5SC
              ________      ________      ________      ________      ________
 S3SC           1.000
 S4CC           1.000         1.000
 S4SC           1.000         1.000         1.000
 S5CC           1.000         1.000         1.000         1.000
 S5SC           1.000         1.000         1.000         1.000         1.000


SAMPLE STATISTICS


     ESTIMATED SAMPLE STATISTICS


           Means
              S1CC          S1SC          S2CC          S2SC          S3CC
              ________      ________      ________      ________      ________
                3.519         2.987         3.535         3.296         3.752


           Means
              S3SC          S4CC          S4SC          S5CC          S5SC
              ________      ________      ________      ________      ________
                3.381         3.182         3.006         3.588         3.179


           Covariances
              S1CC          S1SC          S2CC          S2SC          S3CC
              ________      ________      ________      ________      ________
 S1CC           1.451
 S1SC          -0.563         1.421
 S2CC           0.899        -0.412         1.368
 S2SC          -0.436         0.922        -0.325         1.372
 S3CC           0.742        -0.343         0.928        -0.260         1.118
 S3SC          -0.449         0.910        -0.301         1.038        -0.198
 S4CC           0.641        -0.300         0.698        -0.211         0.627
 S4SC          -0.305         0.610        -0.195         0.624        -0.168
 S5CC           0.956        -0.568         0.852        -0.542         0.803
 S5SC          -0.687         0.968        -0.599         0.890        -0.474


           Covariances
              S3SC          S4CC          S4SC          S5CC          S5SC
              ________      ________      ________      ________      ________
 S3SC           1.368
 S4CC          -0.274         1.162
 S4SC           0.664         0.074         1.208
 S5CC          -0.463         0.666        -0.280         1.538
 S5SC           0.995        -0.303         0.744        -0.678         1.569


           Correlations
              S1CC          S1SC          S2CC          S2SC          S3CC
              ________      ________      ________      ________      ________
 S1CC           1.000
 S1SC          -0.392         1.000
 S2CC           0.638        -0.295         1.000
 S2SC          -0.309         0.660        -0.237         1.000
 S3CC           0.583        -0.272         0.751        -0.210         1.000
 S3SC          -0.319         0.653        -0.220         0.758        -0.160
 S4CC           0.494        -0.233         0.554        -0.167         0.550
 S4SC          -0.231         0.466        -0.152         0.485        -0.145
 S5CC           0.640        -0.384         0.588        -0.373         0.613
 S5SC          -0.456         0.648        -0.409         0.607        -0.358


           Correlations
              S3SC          S4CC          S4SC          S5CC          S5SC
              ________      ________      ________      ________      ________
 S3SC           1.000
 S4CC          -0.217         1.000
 S4SC           0.517         0.063         1.000
 S5CC          -0.319         0.499        -0.206         1.000
 S5SC           0.679        -0.225         0.541        -0.436         1.000


     MAXIMUM LOG-LIKELIHOOD VALUE FOR THE UNRESTRICTED (H1) MODEL IS -4065.552


UNIVARIATE SAMPLE STATISTICS


     UNIVARIATE HIGHER-ORDER MOMENT DESCRIPTIVE STATISTICS

         Variable/         Mean/     Skewness/   Minimum/ % with                Percentiles
        Sample Size      Variance    Kurtosis    Maximum  Min/Max      20%/60%    40%/80%    Median

     S1CC                  3.519      -0.687       1.000    9.75%       3.000      3.000      4.000
             318.000       1.451      -0.391       5.000   21.07%       4.000      5.000
     S1SC                  2.987      -0.076       1.000   14.15%       2.000      3.000      3.000
             318.000       1.421      -0.787       5.000   11.32%       3.000      4.000
     S2CC                  3.535      -0.696       1.000    8.18%       3.000      4.000      4.000
             318.000       1.368      -0.347       5.000   19.81%       4.000      4.000
     S2SC                  3.296      -0.366       1.000    9.43%       2.000      3.000      3.000
             318.000       1.372      -0.657       5.000   15.41%       4.000      4.000
     S3CC                  3.752      -0.818       1.000    4.40%       3.000      4.000      4.000
             318.000       1.118       0.195       5.000   24.84%       4.000      5.000
     S3SC                  3.381      -0.407       1.000    8.18%       2.000      3.000      4.000
             318.000       1.368      -0.634       5.000   17.92%       4.000      4.000
     S4CC                  3.182      -0.337       1.000   10.06%       3.000      3.000      3.000
             318.000       1.162      -0.214       5.000   10.69%       3.000      4.000
     S4SC                  3.006       0.059       1.000   11.01%       2.000      3.000      3.000
             318.000       1.208      -0.232       5.000   12.58%       3.000      4.000
     S5CC                  3.588      -0.697       1.000    9.43%       3.000      4.000      4.000
             318.000       1.538      -0.479       5.000   26.10%       4.000      5.000
     S5SC                  3.179      -0.187       1.000   11.95%       2.000      3.000      3.000
             318.000       1.569      -0.954       5.000   16.98%       4.000      4.000


THE MODEL ESTIMATION TERMINATED NORMALLY



MODEL FIT INFORMATION

Number of Free Parameters                       36

Loglikelihood

          H0 Value                       -4123.923
          H0 Scaling Correction Factor      1.3700
            for MLR
          H1 Value                       -4065.552
          H1 Scaling Correction Factor      1.3934
            for MLR

Information Criteria

          Akaike (AIC)                    8319.845
          Bayesian (BIC)                  8455.279
          Sample-Size Adjusted BIC        8341.095
            (n* = (n + 2) / 24)

Chi-Square Test of Model Fit

          Value                             82.064*
          Degrees of Freedom                    29
          P-Value                           0.0000
          Scaling Correction Factor         1.4226
            for MLR

*   The chi-square value for MLM, MLMV, MLR, ULSMV, WLSM and WLSMV cannot be used
    for chi-square difference testing in the regular way.  MLM, MLR and WLSM
    chi-square difference testing is described on the Mplus website.  MLMV, WLSMV,
    and ULSMV difference testing is done using the DIFFTEST option.

RMSEA (Root Mean Square Error Of Approximation)

          Estimate                           0.076
          90 Percent C.I.                    0.057  0.095
          Probability RMSEA <= .05           0.014

CFI/TLI

          CFI                                0.952
          TLI                                0.925

Chi-Square Test of Model Fit for the Baseline Model

          Value                           1140.885
          Degrees of Freedom                    45
          P-Value                           0.0000

SRMR (Standardized Root Mean Square Residual)

          Value                              0.053



MODEL RESULTS

                                                    Two-Tailed
                    Estimate       S.E.  Est./S.E.    P-Value

 SCC      BY
    S1CC               1.000      0.000    999.000    999.000
    S2CC               1.073      0.068     15.872      0.000
    S3CC               0.939      0.069     13.583      0.000
    S4CC               0.757      0.067     11.357      0.000
    S5CC               1.015      0.072     14.093      0.000

 SSC      BY
    S1SC               1.000      0.000    999.000    999.000
    S2SC               1.042      0.066     15.892      0.000
    S3SC               1.078      0.067     16.061      0.000
    S4SC               0.704      0.065     10.850      0.000
    S5SC               1.074      0.065     16.419      0.000

 SCC      WITH
    SSC               -0.391      0.082     -4.759      0.000

 S1CC     WITH
    S1SC              -0.075      0.059     -1.268      0.205

 S2CC     WITH
    S2SC               0.041      0.057      0.730      0.465

 S3CC     WITH
    S3SC               0.098      0.035      2.794      0.005

 S4CC     WITH
    S4SC               0.221      0.066      3.360      0.001

 S5CC     WITH
    S5SC              -0.023      0.061     -0.379      0.705

 Intercepts
    S1CC               3.519      0.068     52.095      0.000
    S1SC               2.987      0.067     44.687      0.000
    S2CC               3.535      0.066     53.884      0.000
    S2SC               3.296      0.066     50.178      0.000
    S3CC               3.752      0.059     63.285      0.000
    S3SC               3.381      0.066     51.545      0.000
    S4CC               3.182      0.060     52.653      0.000
    S4SC               3.006      0.062     48.786      0.000
    S5CC               3.588      0.070     51.596      0.000
    S5SC               3.179      0.070     45.268      0.000

 Variances
    SCC                0.836      0.107      7.813      0.000
    SSC                0.855      0.097      8.806      0.000

 Residual Variances
    S1CC               0.607      0.066      9.191      0.000
    S1SC               0.550      0.071      7.794      0.000
    S2CC               0.399      0.065      6.145      0.000
    S2SC               0.436      0.082      5.293      0.000
    S3CC               0.352      0.053      6.592      0.000
    S3SC               0.348      0.064      5.392      0.000
    S4CC               0.662      0.066     10.092      0.000
    S4SC               0.767      0.072     10.630      0.000
    S5CC               0.666      0.080      8.341      0.000
    S5SC               0.575      0.064      9.014      0.000


QUALITY OF NUMERICAL RESULTS

     Condition Number for the Information Matrix              0.119E-01
       (ratio of smallest to largest eigenvalue)


STANDARDIZED MODEL RESULTS


STDYX Standardization

                                                    Two-Tailed
                    Estimate       S.E.  Est./S.E.    P-Value

 SCC      BY
    S1CC               0.761      0.031     24.234      0.000
    S2CC               0.841      0.029     29.273      0.000
    S3CC               0.822      0.032     25.535      0.000
    S4CC               0.648      0.043     15.184      0.000
    S5CC               0.751      0.036     20.629      0.000

 SSC      BY
    S1SC               0.780      0.032     24.479      0.000
    S2SC               0.825      0.037     22.491      0.000
    S3SC               0.861      0.029     30.136      0.000
    S4SC               0.596      0.046     13.070      0.000
    S5SC               0.795      0.028     28.105      0.000

 SCC      WITH
    SSC               -0.462      0.078     -5.901      0.000

 S1CC     WITH
    S1SC              -0.130      0.100     -1.295      0.195

 S2CC     WITH
    S2SC               0.100      0.135      0.738      0.460

 S3CC     WITH
    S3SC               0.281      0.099      2.842      0.004

 S4CC     WITH
    S4SC               0.309      0.075      4.117      0.000

 S5CC     WITH
    S5SC              -0.037      0.098     -0.382      0.702

 Intercepts
    S1CC               2.929      0.143     20.533      0.000
    S1SC               2.521      0.100     25.300      0.000
    S2CC               3.029      0.147     20.582      0.000
    S2SC               2.822      0.122     23.156      0.000
    S3CC               3.595      0.188     19.163      0.000
    S3SC               2.920      0.128     22.791      0.000
    S4CC               2.980      0.139     21.474      0.000
    S4SC               2.755      0.119     23.106      0.000
    S5CC               2.903      0.139     20.825      0.000
    S5SC               2.544      0.101     25.094      0.000

 Variances
    SCC                1.000      0.000    999.000    999.000
    SSC                1.000      0.000    999.000    999.000

 Residual Variances
    S1CC               0.421      0.048      8.807      0.000
    S1SC               0.391      0.050      7.871      0.000
    S2CC               0.293      0.048      6.065      0.000
    S2SC               0.319      0.061      5.275      0.000
    S3CC               0.324      0.053      6.106      0.000
    S3SC               0.259      0.049      5.278      0.000
    S4CC               0.580      0.055     10.506      0.000
    S4SC               0.644      0.054     11.843      0.000
    S5CC               0.436      0.055      7.977      0.000
    S5SC               0.368      0.045      8.196      0.000


STDY Standardization

                                                    Two-Tailed
                    Estimate       S.E.  Est./S.E.    P-Value

 SCC      BY
    S1CC               0.761      0.031     24.234      0.000
    S2CC               0.841      0.029     29.273      0.000
    S3CC               0.822      0.032     25.535      0.000
    S4CC               0.648      0.043     15.184      0.000
    S5CC               0.751      0.036     20.629      0.000

 SSC      BY
    S1SC               0.780      0.032     24.479      0.000
    S2SC               0.825      0.037     22.491      0.000
    S3SC               0.861      0.029     30.136      0.000
    S4SC               0.596      0.046     13.070      0.000
    S5SC               0.795      0.028     28.105      0.000

 SCC      WITH
    SSC               -0.462      0.078     -5.901      0.000

 S1CC     WITH
    S1SC              -0.130      0.100     -1.295      0.195

 S2CC     WITH
    S2SC               0.100      0.135      0.738      0.460

 S3CC     WITH
    S3SC               0.281      0.099      2.842      0.004

 S4CC     WITH
    S4SC               0.309      0.075      4.117      0.000

 S5CC     WITH
    S5SC              -0.037      0.098     -0.382      0.702

 Intercepts
    S1CC               2.929      0.143     20.533      0.000
    S1SC               2.521      0.100     25.300      0.000
    S2CC               3.029      0.147     20.582      0.000
    S2SC               2.822      0.122     23.156      0.000
    S3CC               3.595      0.188     19.163      0.000
    S3SC               2.920      0.128     22.791      0.000
    S4CC               2.980      0.139     21.474      0.000
    S4SC               2.755      0.119     23.106      0.000
    S5CC               2.903      0.139     20.825      0.000
    S5SC               2.544      0.101     25.094      0.000

 Variances
    SCC                1.000      0.000    999.000    999.000
    SSC                1.000      0.000    999.000    999.000

 Residual Variances
    S1CC               0.421      0.048      8.807      0.000
    S1SC               0.391      0.050      7.871      0.000
    S2CC               0.293      0.048      6.065      0.000
    S2SC               0.319      0.061      5.275      0.000
    S3CC               0.324      0.053      6.106      0.000
    S3SC               0.259      0.049      5.278      0.000
    S4CC               0.580      0.055     10.506      0.000
    S4SC               0.644      0.054     11.843      0.000
    S5CC               0.436      0.055      7.977      0.000
    S5SC               0.368      0.045      8.196      0.000


STD Standardization

                                                    Two-Tailed
                    Estimate       S.E.  Est./S.E.    P-Value

 SCC      BY
    S1CC               0.914      0.059     15.626      0.000
    S2CC               0.981      0.054     18.026      0.000
    S3CC               0.858      0.058     14.816      0.000
    S4CC               0.692      0.060     11.575      0.000
    S5CC               0.928      0.064     14.493      0.000

 SSC      BY
    S1SC               0.925      0.052     17.612      0.000
    S2SC               0.964      0.058     16.746      0.000
    S3SC               0.996      0.052     19.289      0.000
    S4SC               0.651      0.062     10.493      0.000
    S5SC               0.993      0.055     18.096      0.000

 SCC      WITH
    SSC               -0.462      0.078     -5.901      0.000

 S1CC     WITH
    S1SC              -0.075      0.059     -1.268      0.205

 S2CC     WITH
    S2SC               0.041      0.057      0.730      0.465

 S3CC     WITH
    S3SC               0.098      0.035      2.794      0.005

 S4CC     WITH
    S4SC               0.221      0.066      3.360      0.001

 S5CC     WITH
    S5SC              -0.023      0.061     -0.379      0.705

 Intercepts
    S1CC               3.519      0.068     52.095      0.000
    S1SC               2.987      0.067     44.687      0.000
    S2CC               3.535      0.066     53.884      0.000
    S2SC               3.296      0.066     50.178      0.000
    S3CC               3.752      0.059     63.285      0.000
    S3SC               3.381      0.066     51.545      0.000
    S4CC               3.182      0.060     52.653      0.000
    S4SC               3.006      0.062     48.786      0.000
    S5CC               3.588      0.070     51.596      0.000
    S5SC               3.179      0.070     45.268      0.000

 Variances
    SCC                1.000      0.000    999.000    999.000
    SSC                1.000      0.000    999.000    999.000

 Residual Variances
    S1CC               0.607      0.066      9.191      0.000
    S1SC               0.550      0.071      7.794      0.000
    S2CC               0.399      0.065      6.145      0.000
    S2SC               0.436      0.082      5.293      0.000
    S3CC               0.352      0.053      6.592      0.000
    S3SC               0.348      0.064      5.392      0.000
    S4CC               0.662      0.066     10.092      0.000
    S4SC               0.767      0.072     10.630      0.000
    S5CC               0.666      0.080      8.341      0.000
    S5SC               0.575      0.064      9.014      0.000


R-SQUARE

    Observed                                        Two-Tailed
    Variable        Estimate       S.E.  Est./S.E.    P-Value

    S1CC               0.579      0.048     12.117      0.000
    S1SC               0.609      0.050     12.240      0.000
    S2CC               0.707      0.048     14.636      0.000
    S2SC               0.681      0.061     11.245      0.000
    S3CC               0.676      0.053     12.768      0.000
    S3SC               0.741      0.049     15.068      0.000
    S4CC               0.420      0.055      7.592      0.000
    S4SC               0.356      0.054      6.535      0.000
    S5CC               0.564      0.055     10.314      0.000
    S5SC               0.632      0.045     14.053      0.000


RESIDUAL OUTPUT


     ESTIMATED MODEL AND RESIDUALS (OBSERVED - ESTIMATED)


           Model Estimated Means
              S1CC          S1SC          S2CC          S2SC          S3CC
              ________      ________      ________      ________      ________
                3.519         2.987         3.535         3.296         3.752


           Model Estimated Means
              S3SC          S4CC          S4SC          S5CC          S5SC
              ________      ________      ________      ________      ________
                3.381         3.182         3.006         3.588         3.179


           Residuals for Means
              S1CC          S1SC          S2CC          S2SC          S3CC
              ________      ________      ________      ________      ________
                0.000         0.000         0.000         0.000         0.000


           Residuals for Means
              S3SC          S4CC          S4SC          S5CC          S5SC
              ________      ________      ________      ________      ________
                0.000         0.000         0.000         0.000         0.000


           Standardized Residuals (z-scores) for Means
              S1CC          S1SC          S2CC          S2SC          S3CC
              ________      ________      ________      ________      ________
                0.000         0.000         0.000         0.000         0.000


           Standardized Residuals (z-scores) for Means
              S3SC          S4CC          S4SC          S5CC          S5SC
              ________      ________      ________      ________      ________
                0.000         0.000         0.000         0.000         0.000


           Normalized Residuals for Means
              S1CC          S1SC          S2CC          S2SC          S3CC
              ________      ________      ________      ________      ________
                0.000         0.000         0.000         0.000         0.000


           Normalized Residuals for Means
              S3SC          S4CC          S4SC          S5CC          S5SC
              ________      ________      ________      ________      ________
                0.000         0.000         0.000         0.000         0.000


           Model Estimated Covariances
              S1CC          S1SC          S2CC          S2SC          S3CC
              ________      ________      ________      ________      ________
 S1CC           1.443
 S1SC          -0.466         1.404
 S2CC           0.897        -0.419         1.362
 S2SC          -0.407         0.891        -0.396         1.364
 S3CC           0.785        -0.367         0.842        -0.382         1.089
 S3SC          -0.421         0.921        -0.452         0.960        -0.297
 S4CC           0.632        -0.296         0.679        -0.308         0.594
 S4SC          -0.275         0.602        -0.295         0.627        -0.258
 S5CC           0.848        -0.397         0.911        -0.413         0.797
 S5SC          -0.420         0.918        -0.450         0.957        -0.394


           Model Estimated Covariances
              S3SC          S4CC          S4SC          S5CC          S5SC
              ________      ________      ________      ________      ________
 S3SC           1.341
 S4CC          -0.319         1.141
 S4SC           0.648         0.012         1.191
 S5CC          -0.427         0.642        -0.279         1.528
 S5SC           0.990        -0.318         0.646        -0.449         1.561


           Model Estimated Correlations
              S1CC          S1SC          S2CC          S2SC          S3CC
              ________      ________      ________      ________      ________
 S1CC           1.000
 S1SC          -0.327         1.000
 S2CC           0.640        -0.303         1.000
 S2SC          -0.290         0.644        -0.290         1.000
 S3CC           0.626        -0.297         0.692        -0.314         1.000
 S3SC          -0.303         0.671        -0.334         0.710        -0.246
 S4CC           0.493        -0.234         0.545        -0.247         0.533
 S4SC          -0.210         0.465        -0.232         0.492        -0.227
 S5CC           0.571        -0.271         0.631        -0.286         0.618
 S5SC          -0.280         0.620        -0.309         0.656        -0.302


           Model Estimated Correlations
              S3SC          S4CC          S4SC          S5CC          S5SC
              ________      ________      ________      ________      ________
 S3SC           1.000
 S4CC          -0.258         1.000
 S4SC           0.513         0.011         1.000
 S5CC          -0.299         0.486        -0.207         1.000
 S5SC           0.684        -0.238         0.474        -0.291         1.000


           Model Estimated Partial Correlations
              S1CC          S1SC          S2CC          S2SC          S3CC
              ________      ________      ________      ________      ________
 S1CC           1.000
 S1SC          -0.101         1.000
 S2CC           0.244         0.018         1.000
 S2SC           0.012         0.214         0.080         1.000
 S3CC           0.226        -0.036         0.340        -0.112         1.000
 S3SC          -0.024         0.268        -0.118         0.341         0.196
 S4CC           0.122        -0.012         0.181        -0.052         0.184
 S4SC          -0.022         0.100        -0.063         0.131        -0.092
 S5CC           0.168         0.035         0.233        -0.007         0.221
 S5SC           0.037         0.190        -0.005         0.225        -0.062


           Model Estimated Partial Correlations
              S3SC          S4CC          S4SC          S5CC          S5SC
              ________      ________      ________      ________      ________
 S3SC           1.000
 S4CC          -0.094         1.000
 S4SC           0.176         0.290         1.000
 S5CC          -0.046         0.119        -0.029         1.000
 S5SC           0.287        -0.025         0.108        -0.024         1.000


           Residuals for Covariances
              S1CC          S1SC          S2CC          S2SC          S3CC
              ________      ________      ________      ________      ________
 S1CC           0.008
 S1SC          -0.097         0.017
 S2CC           0.002         0.008         0.007
 S2SC          -0.029         0.031         0.071         0.008
 S3CC          -0.042         0.024         0.086         0.122         0.028
 S3SC          -0.028        -0.011         0.151         0.078         0.099
 S4CC           0.009        -0.004         0.019         0.097         0.033
 S4SC          -0.030         0.009         0.100        -0.003         0.090
 S5CC           0.107        -0.171        -0.058        -0.128         0.007
 S5SC          -0.268         0.049        -0.149        -0.067        -0.080


           Residuals for Covariances
              S3SC          S4CC          S4SC          S5CC          S5SC
              ________      ________      ________      ________      ________
 S3SC           0.027
 S4CC           0.045         0.021
 S4SC           0.016         0.062         0.017
 S5CC          -0.035         0.024        -0.001         0.010
 S5SC           0.005         0.014         0.098        -0.229         0.007


           Residuals for Correlations
              S1CC          S1SC          S2CC          S2SC          S3CC
              ________      ________      ________      ________      ________
 S1CC           0.000
 S1SC          -0.065         0.000
 S2CC          -0.002         0.008         0.000
 S2SC          -0.019         0.017         0.053         0.000
 S3CC          -0.043         0.025         0.059         0.104         0.000
 S3SC          -0.016        -0.018         0.115         0.048         0.086
 S4CC           0.001         0.000         0.009         0.080         0.018
 S4SC          -0.021         0.001         0.080        -0.007         0.082
 S5CC           0.068        -0.113        -0.044        -0.087        -0.005
 S5SC          -0.176         0.028        -0.100        -0.049        -0.056


           Residuals for Correlations
              S3SC          S4CC          S4SC          S5CC          S5SC
              ________      ________      ________      ________      ________
 S3SC           0.000
 S4CC           0.040         0.000
 S4SC           0.004         0.052         0.000
 S5CC          -0.020         0.012         0.001         0.000
 S5SC          -0.005         0.013         0.067        -0.146         0.000


           Residuals for Partial Correlations
              S1CC          S1SC          S2CC          S2SC          S3CC
              ________      ________      ________      ________      ________
 S1CC           0.000
 S1SC           0.015         0.000
 S2CC           0.008         0.016         0.000
 S2SC           0.043         0.057        -0.078         0.000
 S3CC          -0.171         0.023         0.151         0.091         0.000
 S3SC           0.005        -0.123         0.155         0.157        -0.042
 S4CC           0.005        -0.046        -0.008         0.128         0.020
 S4SC          -0.033        -0.014         0.072        -0.056         0.013
 S5CC           0.142        -0.057        -0.180        -0.146         0.007
 S5SC          -0.127         0.051        -0.134        -0.201        -0.003


           Residuals for Partial Correlations
              S3SC          S4CC          S4SC          S5CC          S5SC
              ________      ________      ________      ________      ________
 S3SC           0.000
 S4CC          -0.117         0.000
 S4SC          -0.015        -0.017         0.000
 S5CC           0.088         0.024         0.040         0.000
 S5SC           0.036         0.124         0.110        -0.037         0.000


           Standardized Residuals (z-scores) for Covariances
              S1CC          S1SC          S2CC          S2SC          S3CC
              ________      ________      ________      ________      ________
 S1CC           1.316
 S1SC         999.000       999.000
 S2CC           0.043         0.198         0.655
 S2SC          -0.605         1.794         3.952         1.143
 S3CC          -1.220         0.676       999.000         2.843         1.453
 S3SC          -0.949        -0.454         3.718       999.000         3.636
 S4CC           0.255        -0.083         0.706         1.739         1.453
 S4SC          -0.465         0.275         1.454        -0.086         1.464
 S5CC           2.896        -4.144        -1.640        -3.056         0.430
 S5SC         -35.471       999.000       999.000        -2.006        -3.642


           Standardized Residuals (z-scores) for Covariances
              S3SC          S4CC          S4SC          S5CC          S5SC
              ________      ________      ________      ________      ________
 S3SC           1.601
 S4CC           0.836         1.560
 S4SC           0.549         2.443         3.534
 S5CC          -1.261         0.657        -0.018       999.000
 S5SC           0.190         0.292         3.790       999.000       999.000


           Normalized Residuals for Covariances
              S1CC          S1SC          S2CC          S2SC          S3CC
              ________      ________      ________      ________      ________
 S1CC           0.077
 S1SC          -0.976         0.191
 S2CC           0.018         0.088         0.067
 S2SC          -0.316         0.348         0.732         0.085
 S3CC          -0.460         0.305         0.964         1.478         0.307
 S3SC          -0.323        -0.126         1.667         0.852         1.197
 S4CC           0.104        -0.051         0.226         1.179         0.411
 S4SC          -0.343         0.103         1.101        -0.036         1.108
 S5CC           1.049        -1.849        -0.602        -1.393         0.072
 S5SC          -2.951         0.577        -1.667        -0.729        -0.980


           Normalized Residuals for Covariances
              S3SC          S4CC          S4SC          S5CC          S5SC
              ________      ________      ________      ________      ________
 S3SC           0.304
 S4CC           0.541         0.243
 S4SC           0.188         0.640         0.185
 S5CC          -0.398         0.279        -0.014         0.096
 S5SC           0.057         0.171         1.138        -2.308         0.078


MODEL MODIFICATION INDICES

NOTE:  Modification indices for direct effects of observed dependent variables
regressed on covariates may not be included.  To include these, request
MODINDICES (ALL).

Minimum M.I. value for printing the modification index    10.000

                                   M.I.     E.P.C.  Std E.P.C.  StdYX E.P.C.

BY Statements

SCC      BY S5SC                  14.866    -0.304     -0.278       -0.223

WITH Statements

S3CC     WITH S2CC                14.941     0.176      0.176        0.470
S3SC     WITH S2SC                11.842     0.163      0.163        0.420


TECHNICAL 1 OUTPUT


     PARAMETER SPECIFICATION


           NU
              S1CC          S1SC          S2CC          S2SC          S3CC
              ________      ________      ________      ________      ________
                  1             2             3             4             5


           NU
              S3SC          S4CC          S4SC          S5CC          S5SC
              ________      ________      ________      ________      ________
                  6             7             8             9            10


           LAMBDA
              SCC           SSC
              ________      ________
 S1CC               0             0
 S1SC               0             0
 S2CC              11             0
 S2SC               0            12
 S3CC              13             0
 S3SC               0            14
 S4CC              15             0
 S4SC               0            16
 S5CC              17             0
 S5SC               0            18


           THETA
              S1CC          S1SC          S2CC          S2SC          S3CC
              ________      ________      ________      ________      ________
 S1CC              19
 S1SC              20            21
 S2CC               0             0            22
 S2SC               0             0            23            24
 S3CC               0             0             0             0            25
 S3SC               0             0             0             0            26
 S4CC               0             0             0             0             0
 S4SC               0             0             0             0             0
 S5CC               0             0             0             0             0
 S5SC               0             0             0             0             0


           THETA
              S3SC          S4CC          S4SC          S5CC          S5SC
              ________      ________      ________      ________      ________
 S3SC              27
 S4CC               0            28
 S4SC               0            29            30
 S5CC               0             0             0            31
 S5SC               0             0             0            32            33


           ALPHA
              SCC           SSC
              ________      ________
                  0             0


           BETA
              SCC           SSC
              ________      ________
 SCC                0             0
 SSC                0             0


           PSI
              SCC           SSC
              ________      ________
 SCC               34
 SSC               35            36


     STARTING VALUES


           NU
              S1CC          S1SC          S2CC          S2SC          S3CC
              ________      ________      ________      ________      ________
                3.519         2.987         3.535         3.296         3.752


           NU
              S3SC          S4CC          S4SC          S5CC          S5SC
              ________      ________      ________      ________      ________
                3.381         3.182         3.006         3.588         3.179


           LAMBDA
              SCC           SSC
              ________      ________
 S1CC           1.000         0.000
 S1SC           0.000         1.000
 S2CC           1.029         0.000
 S2SC           0.000         1.033
 S3CC           0.939         0.000
 S3SC           0.000         1.081
 S4CC           0.746         0.000
 S4SC           0.000         0.724
 S5CC           0.997         0.000
 S5SC           0.000         1.048


           THETA
              S1CC          S1SC          S2CC          S2SC          S3CC
              ________      ________      ________      ________      ________
 S1CC           0.725
 S1SC           0.000         0.711
 S2CC           0.000         0.000         0.684
 S2SC           0.000         0.000         0.000         0.686
 S3CC           0.000         0.000         0.000         0.000         0.559
 S3SC           0.000         0.000         0.000         0.000         0.000
 S4CC           0.000         0.000         0.000         0.000         0.000
 S4SC           0.000         0.000         0.000         0.000         0.000
 S5CC           0.000         0.000         0.000         0.000         0.000
 S5SC           0.000         0.000         0.000         0.000         0.000


           THETA
              S3SC          S4CC          S4SC          S5CC          S5SC
              ________      ________      ________      ________      ________
 S3SC           0.684
 S4CC           0.000         0.581
 S4SC           0.000         0.000         0.604
 S5CC           0.000         0.000         0.000         0.769
 S5SC           0.000         0.000         0.000         0.000         0.784


           ALPHA
              SCC           SSC
              ________      ________
                0.000         0.000


           BETA
              SCC           SSC
              ________      ________
 SCC            0.000         0.000
 SSC            0.000         0.000


           PSI
              SCC           SSC
              ________      ________
 SCC            0.050
 SSC            0.000         0.050


TECHNICAL 4 OUTPUT


     ESTIMATES DERIVED FROM THE MODEL


           ESTIMATED MEANS FOR THE LATENT VARIABLES
              SCC           SSC
              ________      ________
                0.000         0.000


           S.E. FOR ESTIMATED MEANS FOR THE LATENT VARIABLES
              SCC           SSC
              ________      ________
                0.000         0.000


           EST./S.E. FOR ESTIMATED MEANS FOR THE LATENT VARIABLES
              SCC           SSC
              ________      ________
                0.000         0.000


           TWO-TAILED P-VALUE FOR ESTIMATED MEANS FOR THE LATENT VARIABLES
              SCC           SSC
              ________      ________
                1.000         1.000


           ESTIMATED COVARIANCE MATRIX FOR THE LATENT VARIABLES
              SCC           SSC
              ________      ________
 SCC            0.836
 SSC           -0.391         0.855


           S.E. FOR ESTIMATED COVARIANCE MATRIX FOR THE LATENT VARIABLES
              SCC           SSC
              ________      ________
 SCC            0.107
 SSC            0.082         0.097


           EST./S.E. FOR ESTIMATED COVARIANCE MATRIX FOR THE LATENT VARIABLES
              SCC           SSC
              ________      ________
 SCC            7.813
 SSC           -4.759         8.806


           TWO-TAILED P-VALUE FOR ESTIMATED COVARIANCE MATRIX FOR THE LATENT VARIABLES
              SCC           SSC
              ________      ________
 SCC            0.000
 SSC            0.000         0.000


           ESTIMATED CORRELATION MATRIX FOR THE LATENT VARIABLES
              SCC           SSC
              ________      ________
 SCC            1.000
 SSC           -0.462         1.000


           S.E. FOR ESTIMATED CORRELATION MATRIX FOR THE LATENT VARIABLES
              SCC           SSC
              ________      ________
 SCC            0.000
 SSC            0.078         0.000


           EST./S.E. FOR ESTIMATED CORRELATION MATRIX FOR THE LATENT VARIABLES
              SCC           SSC
              ________      ________
 SCC          999.000
 SSC           -5.901       999.000


           TWO-TAILED P-VALUE FOR ESTIMATED CORRELATION MATRIX FOR THE LATENT VARIABLES
              SCC           SSC
              ________      ________
 SCC            0.000
 SSC            0.000         0.000


           ESTIMATED PARTIAL CORRELATION MATRIX FOR THE LATENT VARIABLES
              SCC           SSC
              ________      ________
 SCC            1.000
 SSC           -0.462         1.000


DIAGRAM INFORMATION

  Use View Diagram under the Diagram menu in the Mplus Editor to view the diagram.
  If running Mplus from the Mplus Diagrammer, the diagram opens automatically.

  Diagram output
    c:\users\mm\onedrive - upv\dat_dropbox\investigaciÓn\cit_2025\travelwell\mplus_validation_rerun_package\mplus_valida

     Beginning Time:  08:21:16
        Ending Time:  08:21:16
       Elapsed Time:  00:00:00



MUTHEN & MUTHEN
3463 Stoner Ave.
Los Angeles, CA  90066

Tel: (310) 391-9971
Fax: (310) 391-8971
Web: www.StatModel.com
Support: Support@StatModel.com

Copyright (c) 1998-2026 Muthen & Muthen
