Mplus VERSION 9.1
MUTHEN & MUTHEN
08/17/2026   8:22 AM

INPUT INSTRUCTIONS

  TITLE: SD rboles - CFA Online;

    DATA:
    FILE = ../data/datos_arb_legacy_order.txt;

    VARIABLE:
    NAMES =
    id MODO online
    AP1ca	AP1sa	AN1ca	AN1sa	
    AP2ca	AP2sa	AN2ca	AN2sa	
    AP3ca	AP3sa	AN3ca	AN3sa	
    AP4ca	AP4sa	AN4ca	AN4sa	
    AP5ca	AP5sa	AN5ca	AN5sa	
    S1ca	S1sa	S2ca	S2sa	S3ca	S3sa	S4ca	S4sa	S5ca	S5sa	
    AP1ap	AP1ag	AN1ap	AN1ag
    AP2ap	AP2ag	AN2ap	AN2ag	
    P3ap	AP3ag	AN3ap	AN3ag	
    AP4ap	AP4ag	AN4ap	AN4ag	
    AP5ap	AP5ag	AN5ap	AN5ag	
    S1ap	S1ag	S2ap	S2ag	S3ap	S3ag	S4ap	S4ag	S5ap	S5ag	
    V1	V2	V3	V4	V5	V6	V7	V8	V9	V10	V11	V12	V13	V14	V15	V16	V17	V18	V19;

    USEVARIABLES =
    S1ca	S1sa	S2ca	S2sa	S3ca	S3sa	S4ca	S4sa	S5ca	S5sa;

    USEOBSERVATIONS = online EQ 1;

    MISSING = ALL (-999);

    ANALYSIS:
    ESTIMATOR = MLR;

    MODEL:

    Sca BY S1ca S2ca S3ca S4ca S5ca;
    Ssa BY S1sa S2sa S3sa S4sa S5sa;

    Sca WITH Ssa;

    S1ca WITH S1sa;
    S2ca WITH S2sa;
    S3ca WITH S3sa;
    S4ca WITH S4sa;
    S5ca WITH S5sa;

    OUTPUT:
    STANDARDIZED;
    MODINDICES(10);
    SAMPSTAT;
    RESIDUAL;
    TECH1;
    TECH4;



INPUT READING TERMINATED NORMALLY



SD rboles - CFA Online;

SUMMARY OF ANALYSIS

Number of groups                                                 1
Number of observations                                         319

Number of dependent variables                                   10
Number of independent variables                                  0
Number of continuous latent variables                            2

Observed dependent variables

  Continuous
   S1CA        S1SA        S2CA        S2SA        S3CA        S3SA
   S4CA        S4SA        S5CA        S5SA

Continuous latent variables
   SCA         SSA


Estimator                                                      MLR
Information matrix                                        OBSERVED
Maximum number of iterations                                  1000
Convergence criterion                                    0.500D-04
Maximum number of steepest descent iterations                   20
Maximum number of iterations for H1                           2000
Convergence criterion for H1                             0.100D-03

Input data file(s)
  ../data/datos_arb_legacy_order.txt

Input data format  FREE


SUMMARY OF DATA

     Number of missing data patterns             1


COVARIANCE COVERAGE OF DATA

Minimum covariance coverage value   0.100


     PROPORTION OF DATA PRESENT


           Covariance Coverage
              S1CA          S1SA          S2CA          S2SA          S3CA
              ________      ________      ________      ________      ________
 S1CA           1.000
 S1SA           1.000         1.000
 S2CA           1.000         1.000         1.000
 S2SA           1.000         1.000         1.000         1.000
 S3CA           1.000         1.000         1.000         1.000         1.000
 S3SA           1.000         1.000         1.000         1.000         1.000
 S4CA           1.000         1.000         1.000         1.000         1.000
 S4SA           1.000         1.000         1.000         1.000         1.000
 S5CA           1.000         1.000         1.000         1.000         1.000
 S5SA           1.000         1.000         1.000         1.000         1.000


           Covariance Coverage
              S3SA          S4CA          S4SA          S5CA          S5SA
              ________      ________      ________      ________      ________
 S3SA           1.000
 S4CA           1.000         1.000
 S4SA           1.000         1.000         1.000
 S5CA           1.000         1.000         1.000         1.000
 S5SA           1.000         1.000         1.000         1.000         1.000


SAMPLE STATISTICS


     ESTIMATED SAMPLE STATISTICS


           Means
              S1CA          S1SA          S2CA          S2SA          S3CA
              ________      ________      ________      ________      ________
                4.232         2.053         4.129         2.248         4.204


           Means
              S3SA          S4CA          S4SA          S5CA          S5SA
              ________      ________      ________      ________      ________
                2.238         3.502         2.455         4.339         1.944


           Covariances
              S1CA          S1SA          S2CA          S2SA          S3CA
              ________      ________      ________      ________      ________
 S1CA           0.780
 S1SA          -0.320         1.198
 S2CA           0.572        -0.314         0.820
 S2SA          -0.286         0.883        -0.361         1.171
 S3CA           0.611        -0.237         0.638        -0.217         0.883
 S3SA          -0.268         0.796        -0.319         0.975        -0.281
 S4CA           0.335        -0.331         0.415        -0.362         0.403
 S4SA          -0.105         0.383        -0.140         0.508        -0.089
 S5CA           0.508        -0.300         0.552        -0.335         0.527
 S5SA          -0.231         0.693        -0.265         0.744        -0.173


           Covariances
              S3SA          S4CA          S4SA          S5CA          S5SA
              ________      ________      ________      ________      ________
 S3SA           1.185
 S4CA          -0.311         0.958
 S4SA           0.531        -0.187         0.919
 S5CA          -0.316         0.416        -0.123         0.726
 S5SA           0.763        -0.232         0.512        -0.341         1.069


           Correlations
              S1CA          S1SA          S2CA          S2SA          S3CA
              ________      ________      ________      ________      ________
 S1CA           1.000
 S1SA          -0.331         1.000
 S2CA           0.715        -0.317         1.000
 S2SA          -0.300         0.746        -0.368         1.000
 S3CA           0.736        -0.230         0.750        -0.213         1.000
 S3SA          -0.279         0.668        -0.324         0.828        -0.274
 S4CA           0.388        -0.309         0.468        -0.342         0.437
 S4SA          -0.125         0.365        -0.161         0.490        -0.099
 S5CA           0.675        -0.322         0.716        -0.363         0.658
 S5SA          -0.253         0.612        -0.283         0.665        -0.179


           Correlations
              S3SA          S4CA          S4SA          S5CA          S5SA
              ________      ________      ________      ________      ________
 S3SA           1.000
 S4CA          -0.292         1.000
 S4SA           0.509        -0.200         1.000
 S5CA          -0.341         0.499        -0.150         1.000
 S5SA           0.678        -0.229         0.516        -0.388         1.000


     MAXIMUM LOG-LIKELIHOOD VALUE FOR THE UNRESTRICTED (H1) MODEL IS -3424.242


UNIVARIATE SAMPLE STATISTICS


     UNIVARIATE HIGHER-ORDER MOMENT DESCRIPTIVE STATISTICS

         Variable/         Mean/     Skewness/   Minimum/ % with                Percentiles
        Sample Size      Variance    Kurtosis    Maximum  Min/Max      20%/60%    40%/80%    Median

     S1CA                  4.232      -1.534       1.000    2.19%       4.000      4.000      4.000
             319.000       0.780       2.840       5.000   43.26%       5.000      5.000
     S1SA                  2.053       0.712       1.000   41.69%       1.000      1.000      2.000
             319.000       1.198      -0.455       5.000    2.19%       2.000      3.000
     S2CA                  4.129      -1.167       1.000    1.57%       4.000      4.000      4.000
             319.000       0.820       1.355       5.000   38.56%       4.000      5.000
     S2SA                  2.248       0.358       1.000   32.92%       1.000      2.000      2.000
             319.000       1.171      -0.825       5.000    1.88%       3.000      3.000
     S3CA                  4.204      -1.525       1.000    2.82%       4.000      4.000      4.000
             319.000       0.883       2.455       5.000   43.89%       5.000      5.000
     S3SA                  2.238       0.422       1.000   33.23%       1.000      2.000      2.000
             319.000       1.185      -0.684       5.000    2.51%       3.000      3.000
     S4CA                  3.502      -0.315       1.000    4.08%       3.000      3.000      3.000
             319.000       0.958       0.063       5.000   16.93%       4.000      4.000
     S4SA                  2.455      -0.159       1.000   23.20%       1.000      3.000      3.000
             319.000       0.919      -0.359       5.000    2.19%       3.000      3.000
     S5CA                  4.339      -1.529       1.000    1.57%       4.000      4.000      5.000
             319.000       0.726       2.699       5.000   52.04%       5.000      5.000
     S5SA                  1.944       0.811       1.000   45.77%       1.000      1.000      2.000
             319.000       1.069      -0.092       5.000    2.19%       2.000      3.000


THE MODEL ESTIMATION TERMINATED NORMALLY



MODEL FIT INFORMATION

Number of Free Parameters                       36

Loglikelihood

          H0 Value                       -3470.267
          H0 Scaling Correction Factor      1.9252
            for MLR
          H1 Value                       -3424.242
          H1 Scaling Correction Factor      1.7075
            for MLR

Information Criteria

          Akaike (AIC)                    7012.534
          Bayesian (BIC)                  7148.081
          Sample-Size Adjusted BIC        7033.896
            (n* = (n + 2) / 24)

Chi-Square Test of Model Fit

          Value                             64.042*
          Degrees of Freedom                    29
          P-Value                           0.0002
          Scaling Correction Factor         1.4373
            for MLR

*   The chi-square value for MLM, MLMV, MLR, ULSMV, WLSM and WLSMV cannot be used
    for chi-square difference testing in the regular way.  MLM, MLR and WLSM
    chi-square difference testing is described on the Mplus website.  MLMV, WLSMV,
    and ULSMV difference testing is done using the DIFFTEST option.

RMSEA (Root Mean Square Error Of Approximation)

          Estimate                           0.062
          90 Percent C.I.                    0.041  0.082
          Probability RMSEA <= .05           0.164

CFI/TLI

          CFI                                0.966
          TLI                                0.946

Chi-Square Test of Model Fit for the Baseline Model

          Value                           1060.885
          Degrees of Freedom                    45
          P-Value                           0.0000

SRMR (Standardized Root Mean Square Residual)

          Value                              0.047



MODEL RESULTS

                                                    Two-Tailed
                    Estimate       S.E.  Est./S.E.    P-Value

 SCA      BY
    S1CA               1.000      0.000    999.000    999.000
    S2CA               1.088      0.073     14.872      0.000
    S3CA               1.097      0.065     16.922      0.000
    S4CA               0.723      0.091      7.928      0.000
    S5CA               0.943      0.088     10.774      0.000

 SSA      BY
    S1SA               1.000      0.000    999.000    999.000
    S2SA               1.165      0.053     22.061      0.000
    S3SA               1.156      0.067     17.294      0.000
    S4SA               0.604      0.075      8.066      0.000
    S5SA               0.878      0.067     13.177      0.000

 SCA      WITH
    SSA               -0.249      0.044     -5.648      0.000

 S1CA     WITH
    S1SA              -0.050      0.042     -1.195      0.232

 S2CA     WITH
    S2SA              -0.028      0.020     -1.409      0.159

 S3CA     WITH
    S3SA              -0.061      0.052     -1.169      0.243

 S4CA     WITH
    S4SA              -0.040      0.056     -0.713      0.476

 S5CA     WITH
    S5SA              -0.089      0.029     -3.085      0.002

 Intercepts
    S1CA               4.232      0.049     85.581      0.000
    S1SA               2.053      0.061     33.509      0.000
    S2CA               4.129      0.051     81.406      0.000
    S2SA               2.248      0.061     37.103      0.000
    S3CA               4.204      0.053     79.890      0.000
    S3SA               2.238      0.061     36.729      0.000
    S4CA               3.502      0.055     63.881      0.000
    S4SA               2.455      0.054     45.736      0.000
    S5CA               4.339      0.048     90.975      0.000
    S5SA               1.944      0.058     33.576      0.000

 Variances
    SCA                0.533      0.087      6.105      0.000
    SSA                0.737      0.086      8.579      0.000

 Residual Variances
    S1CA               0.242      0.047      5.097      0.000
    S1SA               0.463      0.083      5.603      0.000
    S2CA               0.190      0.038      5.039      0.000
    S2SA               0.167      0.040      4.209      0.000
    S3CA               0.248      0.068      3.660      0.000
    S3SA               0.242      0.055      4.429      0.000
    S4CA               0.683      0.067     10.137      0.000
    S4SA               0.643      0.059     10.983      0.000
    S5CA               0.249      0.046      5.382      0.000
    S5SA               0.473      0.074      6.384      0.000


QUALITY OF NUMERICAL RESULTS

     Condition Number for the Information Matrix              0.900E-02
       (ratio of smallest to largest eigenvalue)


STANDARDIZED MODEL RESULTS


STDYX Standardization

                                                    Two-Tailed
                    Estimate       S.E.  Est./S.E.    P-Value

 SCA      BY
    S1CA               0.829      0.035     23.818      0.000
    S2CA               0.876      0.028     31.851      0.000
    S3CA               0.849      0.039     21.861      0.000
    S4CA               0.538      0.050     10.736      0.000
    S5CA               0.809      0.041     19.771      0.000

 SSA      BY
    S1SA               0.784      0.039     20.179      0.000
    S2SA               0.926      0.019     49.686      0.000
    S3SA               0.896      0.023     39.593      0.000
    S4SA               0.543      0.051     10.575      0.000
    S5SA               0.739      0.041     18.061      0.000

 SCA      WITH
    SSA               -0.398      0.055     -7.259      0.000

 S1CA     WITH
    S1SA              -0.149      0.115     -1.297      0.195

 S2CA     WITH
    S2SA              -0.159      0.098     -1.622      0.105

 S3CA     WITH
    S3SA              -0.248      0.180     -1.383      0.167

 S4CA     WITH
    S4SA              -0.060      0.086     -0.698      0.485

 S5CA     WITH
    S5SA              -0.259      0.072     -3.572      0.000

 Intercepts
    S1CA               4.809      0.336     14.331      0.000
    S1SA               1.874      0.057     32.651      0.000
    S2CA               4.559      0.271     16.815      0.000
    S2SA               2.081      0.070     29.700      0.000
    S3CA               4.459      0.312     14.271      0.000
    S3SA               2.021      0.075     26.958      0.000
    S4CA               3.571      0.161     22.201      0.000
    S4SA               2.571      0.117     22.050      0.000
    S5CA               5.103      0.350     14.595      0.000
    S5SA               1.905      0.062     30.708      0.000

 Variances
    SCA                1.000      0.000    999.000    999.000
    SSA                1.000      0.000    999.000    999.000

 Residual Variances
    S1CA               0.312      0.058      5.409      0.000
    S1SA               0.386      0.061      6.343      0.000
    S2CA               0.232      0.048      4.810      0.000
    S2SA               0.143      0.035      4.142      0.000
    S3CA               0.279      0.066      4.221      0.000
    S3SA               0.197      0.041      4.854      0.000
    S4CA               0.710      0.054     13.173      0.000
    S4SA               0.705      0.056     12.649      0.000
    S5CA               0.345      0.066      5.208      0.000
    S5SA               0.454      0.060      7.509      0.000


STDY Standardization

                                                    Two-Tailed
                    Estimate       S.E.  Est./S.E.    P-Value

 SCA      BY
    S1CA               0.829      0.035     23.818      0.000
    S2CA               0.876      0.028     31.851      0.000
    S3CA               0.849      0.039     21.861      0.000
    S4CA               0.538      0.050     10.736      0.000
    S5CA               0.809      0.041     19.771      0.000

 SSA      BY
    S1SA               0.784      0.039     20.179      0.000
    S2SA               0.926      0.019     49.686      0.000
    S3SA               0.896      0.023     39.593      0.000
    S4SA               0.543      0.051     10.575      0.000
    S5SA               0.739      0.041     18.061      0.000

 SCA      WITH
    SSA               -0.398      0.055     -7.259      0.000

 S1CA     WITH
    S1SA              -0.149      0.115     -1.297      0.195

 S2CA     WITH
    S2SA              -0.159      0.098     -1.622      0.105

 S3CA     WITH
    S3SA              -0.248      0.180     -1.383      0.167

 S4CA     WITH
    S4SA              -0.060      0.086     -0.698      0.485

 S5CA     WITH
    S5SA              -0.259      0.072     -3.572      0.000

 Intercepts
    S1CA               4.809      0.336     14.331      0.000
    S1SA               1.874      0.057     32.651      0.000
    S2CA               4.559      0.271     16.815      0.000
    S2SA               2.081      0.070     29.700      0.000
    S3CA               4.459      0.312     14.271      0.000
    S3SA               2.021      0.075     26.958      0.000
    S4CA               3.571      0.161     22.201      0.000
    S4SA               2.571      0.117     22.050      0.000
    S5CA               5.103      0.350     14.595      0.000
    S5SA               1.905      0.062     30.708      0.000

 Variances
    SCA                1.000      0.000    999.000    999.000
    SSA                1.000      0.000    999.000    999.000

 Residual Variances
    S1CA               0.312      0.058      5.409      0.000
    S1SA               0.386      0.061      6.343      0.000
    S2CA               0.232      0.048      4.810      0.000
    S2SA               0.143      0.035      4.142      0.000
    S3CA               0.279      0.066      4.221      0.000
    S3SA               0.197      0.041      4.854      0.000
    S4CA               0.710      0.054     13.173      0.000
    S4SA               0.705      0.056     12.649      0.000
    S5CA               0.345      0.066      5.208      0.000
    S5SA               0.454      0.060      7.509      0.000


STD Standardization

                                                    Two-Tailed
                    Estimate       S.E.  Est./S.E.    P-Value

 SCA      BY
    S1CA               0.730      0.060     12.211      0.000
    S2CA               0.794      0.054     14.668      0.000
    S3CA               0.801      0.059     13.625      0.000
    S4CA               0.528      0.057      9.316      0.000
    S5CA               0.688      0.063     10.882      0.000

 SSA      BY
    S1SA               0.858      0.050     17.157      0.000
    S2SA               1.000      0.040     25.030      0.000
    S3SA               0.993      0.044     22.723      0.000
    S4SA               0.518      0.058      8.938      0.000
    S5SA               0.754      0.050     15.040      0.000

 SCA      WITH
    SSA               -0.398      0.055     -7.259      0.000

 S1CA     WITH
    S1SA              -0.050      0.042     -1.195      0.232

 S2CA     WITH
    S2SA              -0.028      0.020     -1.409      0.159

 S3CA     WITH
    S3SA              -0.061      0.052     -1.169      0.243

 S4CA     WITH
    S4SA              -0.040      0.056     -0.713      0.476

 S5CA     WITH
    S5SA              -0.089      0.029     -3.085      0.002

 Intercepts
    S1CA               4.232      0.049     85.581      0.000
    S1SA               2.053      0.061     33.509      0.000
    S2CA               4.129      0.051     81.406      0.000
    S2SA               2.248      0.061     37.103      0.000
    S3CA               4.204      0.053     79.890      0.000
    S3SA               2.238      0.061     36.729      0.000
    S4CA               3.502      0.055     63.881      0.000
    S4SA               2.455      0.054     45.736      0.000
    S5CA               4.339      0.048     90.975      0.000
    S5SA               1.944      0.058     33.576      0.000

 Variances
    SCA                1.000      0.000    999.000    999.000
    SSA                1.000      0.000    999.000    999.000

 Residual Variances
    S1CA               0.242      0.047      5.097      0.000
    S1SA               0.463      0.083      5.603      0.000
    S2CA               0.190      0.038      5.039      0.000
    S2SA               0.167      0.040      4.209      0.000
    S3CA               0.248      0.068      3.660      0.000
    S3SA               0.242      0.055      4.429      0.000
    S4CA               0.683      0.067     10.137      0.000
    S4SA               0.643      0.059     10.983      0.000
    S5CA               0.249      0.046      5.382      0.000
    S5SA               0.473      0.074      6.384      0.000


R-SQUARE

    Observed                                        Two-Tailed
    Variable        Estimate       S.E.  Est./S.E.    P-Value

    S1CA               0.688      0.058     11.909      0.000
    S1SA               0.614      0.061     10.090      0.000
    S2CA               0.768      0.048     15.926      0.000
    S2SA               0.857      0.035     24.843      0.000
    S3CA               0.721      0.066     10.930      0.000
    S3SA               0.803      0.041     19.796      0.000
    S4CA               0.290      0.054      5.368      0.000
    S4SA               0.295      0.056      5.287      0.000
    S5CA               0.655      0.066      9.885      0.000
    S5SA               0.546      0.060      9.030      0.000


RESIDUAL OUTPUT


     ESTIMATED MODEL AND RESIDUALS (OBSERVED - ESTIMATED)


           Model Estimated Means
              S1CA          S1SA          S2CA          S2SA          S3CA
              ________      ________      ________      ________      ________
                4.232         2.053         4.129         2.248         4.204


           Model Estimated Means
              S3SA          S4CA          S4SA          S5CA          S5SA
              ________      ________      ________      ________      ________
                2.238         3.502         2.455         4.339         1.944


           Residuals for Means
              S1CA          S1SA          S2CA          S2SA          S3CA
              ________      ________      ________      ________      ________
                0.000         0.000         0.000         0.000         0.000


           Residuals for Means
              S3SA          S4CA          S4SA          S5CA          S5SA
              ________      ________      ________      ________      ________
                0.000         0.000         0.000         0.000         0.000


           Standardized Residuals (z-scores) for Means
              S1CA          S1SA          S2CA          S2SA          S3CA
              ________      ________      ________      ________      ________
                0.000         0.000         0.000         0.000         0.000


           Standardized Residuals (z-scores) for Means
              S3SA          S4CA          S4SA          S5CA          S5SA
              ________      ________      ________      ________      ________
                0.000         0.000         0.000         0.000         0.000


           Normalized Residuals for Means
              S1CA          S1SA          S2CA          S2SA          S3CA
              ________      ________      ________      ________      ________
                0.000         0.000         0.000         0.000         0.000


           Normalized Residuals for Means
              S3SA          S4CA          S4SA          S5CA          S5SA
              ________      ________      ________      ________      ________
                0.000         0.000         0.000         0.000         0.000


           Model Estimated Covariances
              S1CA          S1SA          S2CA          S2SA          S3CA
              ________      ________      ________      ________      ________
 S1CA           0.774
 S1SA          -0.299         1.200
 S2CA           0.579        -0.271         0.820
 S2SA          -0.290         0.858        -0.344         1.166
 S3CA           0.584        -0.274         0.635        -0.319         0.889
 S3SA          -0.288         0.852        -0.314         0.992        -0.377
 S4CA           0.385        -0.180         0.419        -0.210         0.422
 S4SA          -0.151         0.445        -0.164         0.518        -0.165
 S5CA           0.502        -0.235         0.546        -0.274         0.551
 S5SA          -0.219         0.647        -0.238         0.754        -0.240


           Model Estimated Covariances
              S3SA          S4CA          S4SA          S5CA          S5SA
              ________      ________      ________      ________      ________
 S3SA           1.227
 S4CA          -0.208         0.962
 S4SA           0.514        -0.149         0.911
 S5CA          -0.272         0.363        -0.142         0.723
 S5SA           0.748        -0.158         0.391        -0.295         1.041


           Model Estimated Correlations
              S1CA          S1SA          S2CA          S2SA          S3CA
              ________      ________      ________      ________      ________
 S1CA           1.000
 S1SA          -0.311         1.000
 S2CA           0.727        -0.273         1.000
 S2SA          -0.306         0.725        -0.352         1.000
 S3CA           0.704        -0.265         0.744        -0.313         1.000
 S3SA          -0.296         0.702        -0.313         0.830        -0.361
 S4CA           0.446        -0.168         0.472        -0.198         0.457
 S4SA          -0.179         0.425        -0.189         0.503        -0.184
 S5CA           0.671        -0.252         0.709        -0.298         0.687
 S5SA          -0.244         0.579        -0.258         0.684        -0.250


           Model Estimated Correlations
              S3SA          S4CA          S4SA          S5CA          S5SA
              ________      ________      ________      ________      ________
 S3SA           1.000
 S4CA          -0.192         1.000
 S4SA           0.487        -0.159         1.000
 S5CA          -0.289         0.435        -0.175         1.000
 S5SA           0.662        -0.158         0.401        -0.341         1.000


           Model Estimated Partial Correlations
              S1CA          S1SA          S2CA          S2SA          S3CA
              ________      ________      ________      ________      ________
 S1CA           1.000
 S1SA          -0.159         1.000
 S2CA           0.301         0.039         1.000
 S2SA           0.015         0.291        -0.184         1.000
 S3CA           0.260         0.051         0.342         0.093         1.000
 S3SA           0.039         0.222         0.082         0.532        -0.234
 S4CA           0.091         0.003         0.118        -0.004         0.101
 S4SA          -0.002         0.059         0.005         0.143         0.013
 S5CA           0.217         0.027         0.283         0.041         0.246
 S5SA           0.040         0.107         0.067         0.253         0.072


           Model Estimated Partial Correlations
              S3SA          S4CA          S4SA          S5CA          S5SA
              ________      ________      ________      ________      ________
 S3SA           1.000
 S4CA           0.008         1.000
 S4SA           0.108        -0.065         1.000
 S5CA           0.057         0.085         0.003         1.000
 S5SA           0.196         0.012         0.051        -0.250         1.000


           Residuals for Covariances
              S1CA          S1SA          S2CA          S2SA          S3CA
              ________      ________      ________      ________      ________
 S1CA           0.006
 S1SA          -0.020        -0.002
 S2CA          -0.007        -0.043         0.000
 S2SA           0.004         0.025        -0.017         0.005
 S3CA           0.027         0.037         0.003         0.102        -0.005
 S3SA           0.020        -0.056        -0.005        -0.017         0.097
 S4CA          -0.050        -0.150        -0.004        -0.152        -0.020
 S4SA           0.045        -0.062         0.024        -0.010         0.076
 S5CA           0.006        -0.065         0.006        -0.061        -0.024
 S5SA          -0.012         0.045        -0.027        -0.009         0.067


           Residuals for Covariances
              S3SA          S4CA          S4SA          S5CA          S5SA
              ________      ________      ________      ________      ________
 S3SA          -0.042
 S4CA          -0.102        -0.003
 S4SA           0.017        -0.038         0.007
 S5CA          -0.044         0.053         0.019         0.003
 S5SA           0.014        -0.074         0.121        -0.046         0.028


           Residuals for Correlations
              S1CA          S1SA          S2CA          S2SA          S3CA
              ________      ________      ________      ________      ________
 S1CA           0.000
 S1SA          -0.020         0.000
 S2CA          -0.012        -0.043         0.000
 S2SA           0.006         0.021        -0.016         0.000
 S3CA           0.032         0.035         0.006         0.100         0.000
 S3SA           0.017        -0.034        -0.011        -0.001         0.087
 S4CA          -0.059        -0.141        -0.003        -0.144        -0.020
 S4SA           0.055        -0.060         0.028        -0.013         0.084
 S5CA           0.004        -0.070         0.006        -0.065        -0.030
 S5SA          -0.010         0.033        -0.026        -0.019         0.071


           Residuals for Correlations
              S3SA          S4CA          S4SA          S5CA          S5SA
              ________      ________      ________      ________      ________
 S3SA           0.000
 S4CA          -0.100         0.000
 S4SA           0.023        -0.041         0.000
 S5CA          -0.052         0.064         0.025         0.000
 S5SA           0.016        -0.071         0.115        -0.047         0.000


           Residuals for Partial Correlations
              S1CA          S1SA          S2CA          S2SA          S3CA
              ________      ________      ________      ________      ________
 S1CA           0.000
 S1SA           0.003         0.000
 S2CA          -0.085         0.003         0.000
 S2SA          -0.038         0.107        -0.014         0.000
 S3CA           0.124        -0.056         0.058         0.144         0.000
 S3SA           0.037        -0.150         0.019         0.053        -0.013
 S4CA          -0.158        -0.086        -0.044        -0.103         0.020
 S4SA          -0.008        -0.150        -0.019        -0.044        -0.017
 S5CA           0.026         0.060         0.000        -0.074        -0.102
 S5SA          -0.016         0.120        -0.048        -0.182         0.037


           Residuals for Partial Correlations
              S3SA          S4CA          S4SA          S5CA          S5SA
              ________      ________      ________      ________      ________
 S3SA           0.000
 S4CA           0.031         0.000
 S4SA           0.029        -0.031         0.000
 S5CA          -0.031         0.150         0.117         0.000
 S5SA           0.042         0.092         0.230        -0.029         0.000


           Standardized Residuals (z-scores) for Covariances
              S1CA          S1SA          S2CA          S2SA          S3CA
              ________      ________      ________      ________      ________
 S1CA           0.344
 S1SA          -0.851       999.000
 S2CA          -0.391        -1.347         0.042
 S2SA           0.162       999.000        -0.699       999.000
 S3CA           1.188         0.879       999.000         3.556       999.000
 S3SA           0.844        -3.094        -0.232       999.000       999.000
 S4CA          -1.523        -2.992        -0.193        -3.303        -0.759
 S4SA           1.081        -1.971         0.644       999.000         1.871
 S5CA           0.342        -1.810         0.406        -2.141        -7.324
 S5SA          -0.301         2.000        -0.657        -0.565         1.581


           Standardized Residuals (z-scores) for Covariances
              S3SA          S4CA          S4SA          S5CA          S5SA
              ________      ________      ________      ________      ________
 S3SA         999.000
 S4CA          -2.168        -0.182
 S4SA         999.000        -1.435       999.000
 S5CA          -1.501       999.000         0.506         0.249
 S5SA           0.868        -1.607         5.149        -1.253         1.651


           Normalized Residuals for Covariances
              S1CA          S1SA          S2CA          S2SA          S3CA
              ________      ________      ________      ________      ________
 S1CA           0.059
 S1SA          -0.329        -0.030
 S2CA          -0.088        -0.756         0.005
 S2SA           0.076         0.340        -0.302         0.065
 S3CA           0.307         0.612         0.035         1.837        -0.052
 S3SA           0.378        -0.745        -0.099        -0.232         1.513
 S4CA          -0.778        -2.478        -0.058        -2.547        -0.299
 S4SA           0.906        -0.947         0.509        -0.162         1.538
 S5CA           0.074        -1.159         0.076        -1.105        -0.304
 S5SA          -0.220         0.665        -0.468        -0.145         1.168


           Normalized Residuals for Covariances
              S3SA          S4CA          S4SA          S5CA          S5SA
              ________      ________      ________      ________      ________
 S3SA          -0.553
 S4CA          -1.700        -0.040
 S4SA           0.251        -0.579         0.112
 S5CA          -0.807         0.882         0.416         0.031
 S5SA           0.203        -1.333         1.841        -0.772         0.334


MODEL MODIFICATION INDICES

NOTE:  Modification indices for direct effects of observed dependent variables
regressed on covariates may not be included.  To include these, request
MODINDICES (ALL).

Minimum M.I. value for printing the modification index    10.000

                                   M.I.     E.P.C.  Std E.P.C.  StdYX E.P.C.

BY Statements

SSA      BY S3CA                  12.274     0.185      0.158        0.168

WITH Statements

S5SA     WITH S2SA                10.307    -0.100     -0.100       -0.356
S5SA     WITH S4SA                11.650     0.131      0.131        0.237


TECHNICAL 1 OUTPUT


     PARAMETER SPECIFICATION


           NU
              S1CA          S1SA          S2CA          S2SA          S3CA
              ________      ________      ________      ________      ________
                  1             2             3             4             5


           NU
              S3SA          S4CA          S4SA          S5CA          S5SA
              ________      ________      ________      ________      ________
                  6             7             8             9            10


           LAMBDA
              SCA           SSA
              ________      ________
 S1CA               0             0
 S1SA               0             0
 S2CA              11             0
 S2SA               0            12
 S3CA              13             0
 S3SA               0            14
 S4CA              15             0
 S4SA               0            16
 S5CA              17             0
 S5SA               0            18


           THETA
              S1CA          S1SA          S2CA          S2SA          S3CA
              ________      ________      ________      ________      ________
 S1CA              19
 S1SA              20            21
 S2CA               0             0            22
 S2SA               0             0            23            24
 S3CA               0             0             0             0            25
 S3SA               0             0             0             0            26
 S4CA               0             0             0             0             0
 S4SA               0             0             0             0             0
 S5CA               0             0             0             0             0
 S5SA               0             0             0             0             0


           THETA
              S3SA          S4CA          S4SA          S5CA          S5SA
              ________      ________      ________      ________      ________
 S3SA              27
 S4CA               0            28
 S4SA               0            29            30
 S5CA               0             0             0            31
 S5SA               0             0             0            32            33


           ALPHA
              SCA           SSA
              ________      ________
                  0             0


           BETA
              SCA           SSA
              ________      ________
 SCA                0             0
 SSA                0             0


           PSI
              SCA           SSA
              ________      ________
 SCA               34
 SSA               35            36


     STARTING VALUES


           NU
              S1CA          S1SA          S2CA          S2SA          S3CA
              ________      ________      ________      ________      ________
                4.232         2.053         4.129         2.248         4.204


           NU
              S3SA          S4CA          S4SA          S5CA          S5SA
              ________      ________      ________      ________      ________
                2.238         3.502         2.455         4.339         1.944


           LAMBDA
              SCA           SSA
              ________      ________
 S1CA           1.000         0.000
 S1SA           0.000         1.000
 S2CA           1.060         0.000
 S2SA           0.000         1.166
 S3CA           1.084         0.000
 S3SA           0.000         1.093
 S4CA           0.719         0.000
 S4SA           0.000         0.616
 S5CA           0.911         0.000
 S5SA           0.000         0.858


           THETA
              S1CA          S1SA          S2CA          S2SA          S3CA
              ________      ________      ________      ________      ________
 S1CA           0.390
 S1SA           0.000         0.599
 S2CA           0.000         0.000         0.410
 S2SA           0.000         0.000         0.000         0.585
 S3CA           0.000         0.000         0.000         0.000         0.442
 S3SA           0.000         0.000         0.000         0.000         0.000
 S4CA           0.000         0.000         0.000         0.000         0.000
 S4SA           0.000         0.000         0.000         0.000         0.000
 S5CA           0.000         0.000         0.000         0.000         0.000
 S5SA           0.000         0.000         0.000         0.000         0.000


           THETA
              S3SA          S4CA          S4SA          S5CA          S5SA
              ________      ________      ________      ________      ________
 S3SA           0.592
 S4CA           0.000         0.479
 S4SA           0.000         0.000         0.459
 S5CA           0.000         0.000         0.000         0.363
 S5SA           0.000         0.000         0.000         0.000         0.534


           ALPHA
              SCA           SSA
              ________      ________
                0.000         0.000


           BETA
              SCA           SSA
              ________      ________
 SCA            0.000         0.000
 SSA            0.000         0.000


           PSI
              SCA           SSA
              ________      ________
 SCA            0.050
 SSA            0.000         0.050


TECHNICAL 4 OUTPUT


     ESTIMATES DERIVED FROM THE MODEL


           ESTIMATED MEANS FOR THE LATENT VARIABLES
              SCA           SSA
              ________      ________
                0.000         0.000


           S.E. FOR ESTIMATED MEANS FOR THE LATENT VARIABLES
              SCA           SSA
              ________      ________
                0.000         0.000


           EST./S.E. FOR ESTIMATED MEANS FOR THE LATENT VARIABLES
              SCA           SSA
              ________      ________
                0.000         0.000


           TWO-TAILED P-VALUE FOR ESTIMATED MEANS FOR THE LATENT VARIABLES
              SCA           SSA
              ________      ________
                1.000         1.000


           ESTIMATED COVARIANCE MATRIX FOR THE LATENT VARIABLES
              SCA           SSA
              ________      ________
 SCA            0.533
 SSA           -0.249         0.737


           S.E. FOR ESTIMATED COVARIANCE MATRIX FOR THE LATENT VARIABLES
              SCA           SSA
              ________      ________
 SCA            0.087
 SSA            0.044         0.086


           EST./S.E. FOR ESTIMATED COVARIANCE MATRIX FOR THE LATENT VARIABLES
              SCA           SSA
              ________      ________
 SCA            6.105
 SSA           -5.648         8.579


           TWO-TAILED P-VALUE FOR ESTIMATED COVARIANCE MATRIX FOR THE LATENT VARIABLES
              SCA           SSA
              ________      ________
 SCA            0.000
 SSA            0.000         0.000


           ESTIMATED CORRELATION MATRIX FOR THE LATENT VARIABLES
              SCA           SSA
              ________      ________
 SCA            1.000
 SSA           -0.398         1.000


           S.E. FOR ESTIMATED CORRELATION MATRIX FOR THE LATENT VARIABLES
              SCA           SSA
              ________      ________
 SCA            0.000
 SSA            0.055         0.000


           EST./S.E. FOR ESTIMATED CORRELATION MATRIX FOR THE LATENT VARIABLES
              SCA           SSA
              ________      ________
 SCA          999.000
 SSA           -7.259       999.000


           TWO-TAILED P-VALUE FOR ESTIMATED CORRELATION MATRIX FOR THE LATENT VARIABLES
              SCA           SSA
              ________      ________
 SCA            0.000
 SSA            0.000         0.000


           ESTIMATED PARTIAL CORRELATION MATRIX FOR THE LATENT VARIABLES
              SCA           SSA
              ________      ________
 SCA            1.000
 SSA           -0.398         1.000


DIAGRAM INFORMATION

  Use View Diagram under the Diagram menu in the Mplus Editor to view the diagram.
  If running Mplus from the Mplus Diagrammer, the diagram opens automatically.

  Diagram output
    c:\users\mm\onedrive - upv\dat_dropbox\investigaciÓn\cit_2025\travelwell\mplus_validation_rerun_package\mplus_valida

     Beginning Time:  08:22:32
        Ending Time:  08:22:32
       Elapsed Time:  00:00:00



MUTHEN & MUTHEN
3463 Stoner Ave.
Los Angeles, CA  90066

Tel: (310) 391-9971
Fax: (310) 391-8971
Web: www.StatModel.com
Support: Support@StatModel.com

Copyright (c) 1998-2026 Muthen & Muthen
